Archive member included to satisfy reference by file (symbol)

c:/users/arutkowski/.p2/pool/plugins/fr.ac6.mcu.externaltools.arm-none.win32_1.13.2.201703061525/tools/compiler/bin/../lib/gcc/arm-none-eabi/5.4.1/armv7e-m/fpu\libgcc.a(_aeabi_uldivmod.o)
                              Drivers/STM32L4xx_HAL_Driver/stm32l4xx_hal_uart.o (__aeabi_uldivmod)
c:/users/arutkowski/.p2/pool/plugins/fr.ac6.mcu.externaltools.arm-none.win32_1.13.2.201703061525/tools/compiler/bin/../lib/gcc/arm-none-eabi/5.4.1/armv7e-m/fpu\libgcc.a(_udivmoddi4.o)
                              c:/users/arutkowski/.p2/pool/plugins/fr.ac6.mcu.externaltools.arm-none.win32_1.13.2.201703061525/tools/compiler/bin/../lib/gcc/arm-none-eabi/5.4.1/armv7e-m/fpu\libgcc.a(_aeabi_uldivmod.o) (__udivmoddi4)
c:/users/arutkowski/.p2/pool/plugins/fr.ac6.mcu.externaltools.arm-none.win32_1.13.2.201703061525/tools/compiler/bin/../lib/gcc/arm-none-eabi/5.4.1/armv7e-m/fpu\libgcc.a(_dvmd_tls.o)
                              c:/users/arutkowski/.p2/pool/plugins/fr.ac6.mcu.externaltools.arm-none.win32_1.13.2.201703061525/tools/compiler/bin/../lib/gcc/arm-none-eabi/5.4.1/armv7e-m/fpu\libgcc.a(_aeabi_uldivmod.o) (__aeabi_ldiv0)
c:/users/arutkowski/.p2/pool/plugins/fr.ac6.mcu.externaltools.arm-none.win32_1.13.2.201703061525/tools/compiler/bin/../lib/gcc/arm-none-eabi/5.4.1/../../../../arm-none-eabi/lib/armv7e-m/fpu\libc_nano.a(lib_a-exit.o)
                              c:/users/arutkowski/.p2/pool/plugins/fr.ac6.mcu.externaltools.arm-none.win32_1.13.2.201703061525/tools/compiler/bin/../lib/gcc/arm-none-eabi/5.4.1/../../../../arm-none-eabi/lib/armv7e-m/fpu/crt0.o (exit)
c:/users/arutkowski/.p2/pool/plugins/fr.ac6.mcu.externaltools.arm-none.win32_1.13.2.201703061525/tools/compiler/bin/../lib/gcc/arm-none-eabi/5.4.1/../../../../arm-none-eabi/lib/armv7e-m/fpu\libc_nano.a(lib_a-impure.o)
                              c:/users/arutkowski/.p2/pool/plugins/fr.ac6.mcu.externaltools.arm-none.win32_1.13.2.201703061525/tools/compiler/bin/../lib/gcc/arm-none-eabi/5.4.1/../../../../arm-none-eabi/lib/armv7e-m/fpu\libc_nano.a(lib_a-exit.o) (_global_impure_ptr)
c:/users/arutkowski/.p2/pool/plugins/fr.ac6.mcu.externaltools.arm-none.win32_1.13.2.201703061525/tools/compiler/bin/../lib/gcc/arm-none-eabi/5.4.1/../../../../arm-none-eabi/lib/armv7e-m/fpu\libc_nano.a(lib_a-init.o)
                              c:/users/arutkowski/.p2/pool/plugins/fr.ac6.mcu.externaltools.arm-none.win32_1.13.2.201703061525/tools/compiler/bin/../lib/gcc/arm-none-eabi/5.4.1/../../../../arm-none-eabi/lib/armv7e-m/fpu/crt0.o (__libc_init_array)
c:/users/arutkowski/.p2/pool/plugins/fr.ac6.mcu.externaltools.arm-none.win32_1.13.2.201703061525/tools/compiler/bin/../lib/gcc/arm-none-eabi/5.4.1/../../../../arm-none-eabi/lib/armv7e-m/fpu\libc_nano.a(lib_a-malloc.o)
                              Middlewares/FatFs/syscall.o (malloc)
c:/users/arutkowski/.p2/pool/plugins/fr.ac6.mcu.externaltools.arm-none.win32_1.13.2.201703061525/tools/compiler/bin/../lib/gcc/arm-none-eabi/5.4.1/../../../../arm-none-eabi/lib/armv7e-m/fpu\libc_nano.a(lib_a-memcpy-stub.o)
                              Middlewares/FatFs/ff.o (memcpy)
c:/users/arutkowski/.p2/pool/plugins/fr.ac6.mcu.externaltools.arm-none.win32_1.13.2.201703061525/tools/compiler/bin/../lib/gcc/arm-none-eabi/5.4.1/../../../../arm-none-eabi/lib/armv7e-m/fpu\libc_nano.a(lib_a-memset.o)
                              c:/users/arutkowski/.p2/pool/plugins/fr.ac6.mcu.externaltools.arm-none.win32_1.13.2.201703061525/tools/compiler/bin/../lib/gcc/arm-none-eabi/5.4.1/../../../../arm-none-eabi/lib/armv7e-m/fpu/crt0.o (memset)
c:/users/arutkowski/.p2/pool/plugins/fr.ac6.mcu.externaltools.arm-none.win32_1.13.2.201703061525/tools/compiler/bin/../lib/gcc/arm-none-eabi/5.4.1/../../../../arm-none-eabi/lib/armv7e-m/fpu\libc_nano.a(lib_a-nano-freer.o)
                              c:/users/arutkowski/.p2/pool/plugins/fr.ac6.mcu.externaltools.arm-none.win32_1.13.2.201703061525/tools/compiler/bin/../lib/gcc/arm-none-eabi/5.4.1/../../../../arm-none-eabi/lib/armv7e-m/fpu\libc_nano.a(lib_a-malloc.o) (_free_r)
c:/users/arutkowski/.p2/pool/plugins/fr.ac6.mcu.externaltools.arm-none.win32_1.13.2.201703061525/tools/compiler/bin/../lib/gcc/arm-none-eabi/5.4.1/../../../../arm-none-eabi/lib/armv7e-m/fpu\libc_nano.a(lib_a-nano-mallocr.o)
                              c:/users/arutkowski/.p2/pool/plugins/fr.ac6.mcu.externaltools.arm-none.win32_1.13.2.201703061525/tools/compiler/bin/../lib/gcc/arm-none-eabi/5.4.1/../../../../arm-none-eabi/lib/armv7e-m/fpu\libc_nano.a(lib_a-malloc.o) (_malloc_r)
c:/users/arutkowski/.p2/pool/plugins/fr.ac6.mcu.externaltools.arm-none.win32_1.13.2.201703061525/tools/compiler/bin/../lib/gcc/arm-none-eabi/5.4.1/../../../../arm-none-eabi/lib/armv7e-m/fpu\libc_nano.a(lib_a-sbrkr.o)
[...]
Memory Configuration

Name             Origin             Length             Attributes
RAM              0x20000000         0x00028000         xrw
FLASH            0x08000000         0x00080000         xr
*default*        0x00000000         0xffffffff

Linker script and memory map

LOAD c:/users/arutkowski/.p2/pool/plugins/fr.ac6.mcu.externaltools.arm-none.win32_1.13.2.201703061525/tools/compiler/bin/../lib/gcc/arm-none-eabi/5.4.1/armv7e-m/fpu/crti.o
LOAD c:/users/arutkowski/.p2/pool/plugins/fr.ac6.mcu.externaltools.arm-none.win32_1.13.2.201703061525/tools/compiler/bin/../lib/gcc/arm-none-eabi/5.4.1/armv7e-m/fpu/crtbegin.o
LOAD c:/users/arutkowski/.p2/pool/plugins/fr.ac6.mcu.externaltools.arm-none.win32_1.13.2.201703061525/tools/compiler/bin/../lib/gcc/arm-none-eabi/5.4.1/../../../../arm-none-eabi/lib/armv7e-m/fpu/crt0.o
LOAD c:/users/arutkowski/.p2/pool/plugins/fr.ac6.mcu.externaltools.arm-none.win32_1.13.2.201703061525/tools/compiler/bin/../lib/gcc/arm-none-eabi/5.4.1/../../../../arm-none-eabi/lib/armv7e-m/fpu\libm.a
LOAD Application/SW4STM32/startup_stm32l452xx.o
LOAD Application/User/bsp_driver_sd.o
LOAD Application/User/fatfs.o
LOAD Application/User/main.o
LOAD Application/User/sd_diskio.o
LOAD Application/User/stm32l4xx_hal_msp.o
LOAD Application/User/stm32l4xx_it.o
LOAD Drivers/CMSIS/system_stm32l4xx.o
LOAD Drivers/STM32L4xx_HAL_Driver/stm32l4xx_hal.o
LOAD Drivers/STM32L4xx_HAL_Driver/stm32l4xx_hal_cortex.o
LOAD Drivers/STM32L4xx_HAL_Driver/stm32l4xx_hal_dma.o
LOAD Drivers/STM32L4xx_HAL_Driver/stm32l4xx_hal_dma_ex.o
LOAD Drivers/STM32L4xx_HAL_Driver/stm32l4xx_hal_flash.o
LOAD Drivers/STM32L4xx_HAL_Driver/stm32l4xx_hal_flash_ex.o
LOAD Drivers/STM32L4xx_HAL_Driver/stm32l4xx_hal_flash_ramfunc.o
LOAD Drivers/STM32L4xx_HAL_Driver/stm32l4xx_hal_gpio.o
LOAD Drivers/STM32L4xx_HAL_Driver/stm32l4xx_hal_i2c.o
LOAD Drivers/STM32L4xx_HAL_Driver/stm32l4xx_hal_i2c_ex.o
LOAD Drivers/STM32L4xx_HAL_Driver/stm32l4xx_hal_pwr.o
LOAD Drivers/STM32L4xx_HAL_Driver/stm32l4xx_hal_pwr_ex.o
LOAD Drivers/STM32L4xx_HAL_Driver/stm32l4xx_hal_rcc.o
LOAD Drivers/STM32L4xx_HAL_Driver/stm32l4xx_hal_rcc_ex.o
LOAD Drivers/STM32L4xx_HAL_Driver/stm32l4xx_hal_rtc.o
LOAD Drivers/STM32L4xx_HAL_Driver/stm32l4xx_hal_rtc_ex.o
LOAD Drivers/STM32L4xx_HAL_Driver/stm32l4xx_hal_sd.o
LOAD Drivers/STM32L4xx_HAL_Driver/stm32l4xx_hal_sd_ex.o
LOAD Drivers/STM32L4xx_HAL_Driver/stm32l4xx_hal_tim.o
LOAD Drivers/STM32L4xx_HAL_Driver/stm32l4xx_hal_tim_ex.o
LOAD Drivers/STM32L4xx_HAL_Driver/stm32l4xx_hal_uart.o
LOAD Drivers/STM32L4xx_HAL_Driver/stm32l4xx_hal_uart_ex.o
LOAD Drivers/STM32L4xx_HAL_Driver/stm32l4xx_ll_sdmmc.o
LOAD Middlewares/FatFs/ccsbcs.o
LOAD Middlewares/FatFs/diskio.o
LOAD Middlewares/FatFs/ff.o
LOAD Middlewares/FatFs/ff_gen_drv.o
LOAD Middlewares/FatFs/syscall.o
START GROUP
LOAD c:/users/arutkowski/.p2/pool/plugins/fr.ac6.mcu.externaltools.arm-none.win32_1.13.2.201703061525/tools/compiler/bin/../lib/gcc/arm-none-eabi/5.4.1/armv7e-m/fpu\libgcc.a
LOAD c:/users/arutkowski/.p2/pool/plugins/fr.ac6.mcu.externaltools.arm-none.win32_1.13.2.201703061525/tools/compiler/bin/../lib/gcc/arm-none-eabi/5.4.1/../../../../arm-none-eabi/lib/armv7e-m/fpu\libc_nano.a
END GROUP
START GROUP
LOAD c:/users/arutkowski/.p2/pool/plugins/fr.ac6.mcu.externaltools.arm-none.win32_1.13.2.201703061525/tools/compiler/bin/../lib/gcc/arm-none-eabi/5.4.1/armv7e-m/fpu\libgcc.a
LOAD c:/users/arutkowski/.p2/pool/plugins/fr.ac6.mcu.externaltools.arm-none.win32_1.13.2.201703061525/tools/compiler/bin/../lib/gcc/arm-none-eabi/5.4.1/../../../../arm-none-eabi/lib/armv7e-m/fpu\libc_nano.a
LOAD c:/users/arutkowski/.p2/pool/plugins/fr.ac6.mcu.externaltools.arm-none.win32_1.13.2.201703061525/tools/compiler/bin/../lib/gcc/arm-none-eabi/5.4.1/../../../../arm-none-eabi/lib/armv7e-m/fpu\libnosys.a
END GROUP
START GROUP
LOAD c:/users/arutkowski/.p2/pool/plugins/fr.ac6.mcu.externaltools.arm-none.win32_1.13.2.201703061525/tools/compiler/bin/../lib/gcc/arm-none-eabi/5.4.1/armv7e-m/fpu\libgcc.a
LOAD c:/users/arutkowski/.p2/pool/plugins/fr.ac6.mcu.externaltools.arm-none.win32_1.13.2.201703061525/tools/compiler/bin/../lib/gcc/arm-none-eabi/5.4.1/../../../../arm-none-eabi/lib/armv7e-m/fpu\libc_nano.a
LOAD c:/users/arutkowski/.p2/pool/plugins/fr.ac6.mcu.externaltools.arm-none.win32_1.13.2.201703061525/tools/compiler/bin/../lib/gcc/arm-none-eabi/5.4.1/../../../../arm-none-eabi/lib/armv7e-m/fpu\libnosys.a
END GROUP
LOAD c:/users/arutkowski/.p2/pool/plugins/fr.ac6.mcu.externaltools.arm-none.win32_1.13.2.201703061525/tools/compiler/bin/../lib/gcc/arm-none-eabi/5.4.1/armv7e-m/fpu/crtend.o
LOAD c:/users/arutkowski/.p2/pool/plugins/fr.ac6.mcu.externaltools.arm-none.win32_1.13.2.201703061525/tools/compiler/bin/../lib/gcc/arm-none-eabi/5.4.1/armv7e-m/fpu/crtn.o
                0x20028000                _estack = 0x20028000
                0x00002000                _Min_Heap_Size = 0x2000
                0x00004000                _Min_Stack_Size = 0x4000

.isr_vector     0x08000000      0x198
                0x08000000                . = ALIGN (0x8)
 *(.isr_vector)
 .isr_vector    0x08000000      0x194 Application/SW4STM32/startup_stm32l452xx.o
                0x08000000                g_pfnVectors
                0x08000198                . = ALIGN (0x8)
 *fill*         0x08000194        0x4 

.text           0x08000198     0x8858
                0x08000198                . = ALIGN (0x8)
 *(.text)
 .text          0x08000198       0x5c c:/users/arutkowski/.p2/pool/plugins/fr.ac6.mcu.externaltools.arm-none.win32_1.13.2.201703061525/tools/compiler/bin/../lib/gcc/arm-none-eabi/5.4.1/armv7e-m/fpu/crtbegin.o
 .text          0x080001f4       0x30 c:/users/arutkowski/.p2/pool/plugins/fr.ac6.mcu.externaltools.arm-none.win32_1.13.2.201703061525/tools/compiler/bin/../lib/gcc/arm-none-eabi/5.4.1/armv7e-m/fpu\libgcc.a(_aeabi_uldivmod.o)
                0x080001f4                __aeabi_uldivmod
 .text          0x08000224      0x2e4 c:/users/arutkowski/.p2/pool/plugins/fr.ac6.mcu.externaltools.arm-none.win32_1.13.2.201703061525/tools/compiler/bin/../lib/gcc/arm-none-eabi/5.4.1/armv7e-m/fpu\libgcc.a(_udivmoddi4.o)
                0x08000224                __udivmoddi4
 .text          0x08000508        0x4 c:/users/arutkowski/.p2/pool/plugins/fr.ac6.mcu.externaltools.arm-none.win32_1.13.2.201703061525/tools/compiler/bin/../lib/gcc/arm-none-eabi/5.4.1/armv7e-m/fpu\libgcc.a(_dvmd_tls.o)
                0x08000508                __aeabi_idiv0
                0x08000508                __aeabi_ldiv0
 *(.text*)
 .text.Reset_Handler
                0x0800050c       0x50 Application/SW4STM32/startup_stm32l452xx.o
                0x0800050c                Reset_Handler
 .text.Default_Handler
                0x0800055c        0x2 Application/SW4STM32/startup_stm32l452xx.o
                0x0800055c                RTC_Alarm_IRQHandler
                0x0800055c                EXTI2_IRQHandler
                0x0800055c                TIM1_CC_IRQHandler
                0x0800055c                TSC_IRQHandler
                0x0800055c                TAMP_STAMP_IRQHandler
                0x0800055c                EXTI3_IRQHandler
                0x0800055c                LPTIM2_IRQHandler
                0x0800055c                DFSDM1_FLT1_IRQHandler
                0x0800055c                I2C3_ER_IRQHandler
                0x0800055c                EXTI0_IRQHandler
                0x0800055c                CAN1_RX0_IRQHandler
                0x0800055c                SPI1_IRQHandler
                0x0800055c                DMA2_Channel2_IRQHandler
                0x0800055c                DMA1_Channel4_IRQHandler
                0x0800055c                ADC1_IRQHandler
                0x0800055c                USART3_IRQHandler
                0x0800055c                DMA1_Channel7_IRQHandler
                0x0800055c                CAN1_RX1_IRQHandler
                0x0800055c                DMA2_Channel1_IRQHandler
                0x0800055c                QUADSPI_IRQHandler
                0x0800055c                DMA1_Channel6_IRQHandler
                0x0800055c                UART4_IRQHandler
                0x0800055c                TIM3_IRQHandler
                0x0800055c                TIM1_TRG_COM_IRQHandler
                0x0800055c                DMA1_Channel1_IRQHandler
                0x0800055c                Default_Handler
                0x0800055c                DMA2_Channel7_IRQHandler
                0x0800055c                I2C3_EV_IRQHandler
                0x0800055c                USB_IRQHandler
                0x0800055c                EXTI9_5_IRQHandler
                0x0800055c                RTC_WKUP_IRQHandler
                0x0800055c                SPI2_IRQHandler
                0x0800055c                CAN1_TX_IRQHandler
                0x0800055c                DMA2_Channel5_IRQHandler
                0x0800055c                CRS_IRQHandler
                0x0800055c                DMA1_Channel5_IRQHandler
                0x0800055c                EXTI4_IRQHandler
                0x0800055c                RNG_IRQHandler
                0x0800055c                DMA1_Channel3_IRQHandler
                0x0800055c                COMP_IRQHandler
                0x0800055c                WWDG_IRQHandler
                0x0800055c                I2C4_EV_IRQHandler
                0x0800055c                LPUART1_IRQHandler
                0x0800055c                DMA2_Channel6_IRQHandler
                0x0800055c                EXTI1_IRQHandler
                0x0800055c                DFSDM1_FLT0_IRQHandler
                0x0800055c                DMA1_Channel2_IRQHandler
                0x0800055c                CAN1_SCE_IRQHandler
                0x0800055c                SPI3_IRQHandler
                0x0800055c                LPTIM1_IRQHandler
                0x0800055c                I2C4_ER_IRQHandler
                0x0800055c                SAI1_IRQHandler
                0x0800055c                DMA2_Channel3_IRQHandler
 *fill*         0x0800055e        0x2 
 .text.BSP_SD_Init
                0x08000560       0x28 Application/User/bsp_driver_sd.o
                0x08000560                BSP_SD_Init
 .text.BSP_SD_ReadBlocks_DMA
                0x08000588       0x1c Application/User/bsp_driver_sd.o
                0x08000588                BSP_SD_ReadBlocks_DMA
 .text.BSP_SD_WriteBlocks_DMA
                0x080005a4       0x1c Application/User/bsp_driver_sd.o
                0x080005a4                BSP_SD_WriteBlocks_DMA
 .text.BSP_SD_GetCardState
                0x080005c0       0x14 Application/User/bsp_driver_sd.o
                0x080005c0                BSP_SD_GetCardState
 .text.BSP_SD_GetCardInfo
                0x080005d4        0xc Application/User/bsp_driver_sd.o
                0x080005d4                BSP_SD_GetCardInfo
 .text.BSP_SD_AbortCallback
                0x080005e0        0x4 Application/User/bsp_driver_sd.o
                0x080005e0                BSP_SD_AbortCallback
 .text.HAL_SD_AbortCallback
                0x080005e4        0x8 Application/User/bsp_driver_sd.o
                0x080005e4                HAL_SD_AbortCallback
 .text.BSP_SD_WriteCpltCallback
                0x080005ec        0x4 Application/User/bsp_driver_sd.o
                0x080005ec                BSP_SD_WriteCpltCallback
 .text.HAL_SD_TxCpltCallback
                0x080005f0        0x8 Application/User/bsp_driver_sd.o
                0x080005f0                HAL_SD_TxCpltCallback
 .text.BSP_SD_ReadCpltCallback
                0x080005f8        0x4 Application/User/bsp_driver_sd.o
                0x080005f8                BSP_SD_ReadCpltCallback
 .text.HAL_SD_RxCpltCallback
                0x080005fc        0x8 Application/User/bsp_driver_sd.o
                0x080005fc                HAL_SD_RxCpltCallback
 .text.MX_FATFS_Init
                0x08000604       0x1c Application/User/fatfs.o
                0x08000604                MX_FATFS_Init
 .text.get_fattime
                0x08000620        0x4 Application/User/fatfs.o
                0x08000620                get_fattime
 .text.SystemClock_Config
                0x08000624       0xc8 Application/User/main.o
                0x08000624                SystemClock_Config
 .text.startup.main
                0x080006ec      0x41c Application/User/main.o
                0x080006ec                main
 .text._Error_Handler
                0x08000b08        0x4 Application/User/main.o
                0x08000b08                _Error_Handler
 .text.SD_initialize
                0x08000b0c       0x30 Application/User/sd_diskio.o
                0x08000b0c                SD_initialize
 .text.SD_status
                0x08000b3c       0x20 Application/User/sd_diskio.o
                0x08000b3c                SD_status
 .text.SD_read  0x08000b5c       0x64 Application/User/sd_diskio.o
                0x08000b5c                SD_read
 .text.SD_write
                0x08000bc0       0x64 Application/User/sd_diskio.o
                0x08000bc0                SD_write
 .text.SD_ioctl
                0x08000c24       0x58 Application/User/sd_diskio.o
                0x08000c24                SD_ioctl
 .text.HAL_MspInit
                0x08000c7c       0xd0 Application/User/stm32l4xx_hal_msp.o
                0x08000c7c                HAL_MspInit
 .text.HAL_I2C_MspInit
                0x08000d4c       0xd0 Application/User/stm32l4xx_hal_msp.o
                0x08000d4c                HAL_I2C_MspInit
 .text.HAL_RTC_MspInit
                0x08000e1c       0x24 Application/User/stm32l4xx_hal_msp.o
                0x08000e1c                HAL_RTC_MspInit
 .text.HAL_SD_MspInit
                0x08000e40       0xd4 Application/User/stm32l4xx_hal_msp.o
                0x08000e40                HAL_SD_MspInit
 .text.HAL_TIM_Base_MspInit
                0x08000f14       0xb4 Application/User/stm32l4xx_hal_msp.o
                0x08000f14                HAL_TIM_Base_MspInit
 .text.HAL_UART_MspInit
                0x08000fc8       0xb0 Application/User/stm32l4xx_hal_msp.o
                0x08000fc8                HAL_UART_MspInit
 .text.NMI_Handler
                0x08001078        0x4 Application/User/stm32l4xx_it.o
                0x08001078                NMI_Handler
 .text.HardFault_Handler
                0x0800107c        0x4 Application/User/stm32l4xx_it.o
                0x0800107c                HardFault_Handler
 .text.MemManage_Handler
                0x08001080        0x4 Application/User/stm32l4xx_it.o
                0x08001080                MemManage_Handler
 .text.BusFault_Handler
                0x08001084        0x4 Application/User/stm32l4xx_it.o
                0x08001084                BusFault_Handler
 .text.UsageFault_Handler
                0x08001088        0x4 Application/User/stm32l4xx_it.o
                0x08001088                UsageFault_Handler
 .text.SVC_Handler
                0x0800108c        0x4 Application/User/stm32l4xx_it.o
                0x0800108c                SVC_Handler
 .text.DebugMon_Handler
                0x08001090        0x4 Application/User/stm32l4xx_it.o
                0x08001090                DebugMon_Handler
 .text.PendSV_Handler
                0x08001094        0x4 Application/User/stm32l4xx_it.o
                0x08001094                PendSV_Handler
 .text.SysTick_Handler
                0x08001098       0x10 Application/User/stm32l4xx_it.o
                0x08001098                SysTick_Handler
 .text.PVD_PVM_IRQHandler
                0x080010a8        0x4 Application/User/stm32l4xx_it.o
                0x080010a8                PVD_PVM_IRQHandler
 .text.FLASH_IRQHandler
                0x080010ac        0x4 Application/User/stm32l4xx_it.o
                0x080010ac                FLASH_IRQHandler
 .text.RCC_IRQHandler
                0x080010b0        0x4 Application/User/stm32l4xx_it.o
                0x080010b0                RCC_IRQHandler
 .text.TIM1_BRK_TIM15_IRQHandler
                0x080010b4        0xc Application/User/stm32l4xx_it.o
                0x080010b4                TIM1_BRK_TIM15_IRQHandler
 .text.TIM1_UP_TIM16_IRQHandler
                0x080010c0        0xc Application/User/stm32l4xx_it.o
                0x080010c0                TIM1_UP_TIM16_IRQHandler
 .text.TIM2_IRQHandler
                0x080010cc        0xc Application/User/stm32l4xx_it.o
                0x080010cc                TIM2_IRQHandler
 .text.I2C1_EV_IRQHandler
                0x080010d8        0xc Application/User/stm32l4xx_it.o
                0x080010d8                I2C1_EV_IRQHandler
 .text.I2C1_ER_IRQHandler
                0x080010e4        0xc Application/User/stm32l4xx_it.o
                0x080010e4                I2C1_ER_IRQHandler
 .text.I2C2_EV_IRQHandler
                0x080010f0        0xc Application/User/stm32l4xx_it.o
                0x080010f0                I2C2_EV_IRQHandler
 .text.I2C2_ER_IRQHandler
                0x080010fc        0xc Application/User/stm32l4xx_it.o
                0x080010fc                I2C2_ER_IRQHandler
 .text.USART1_IRQHandler
                0x08001108        0xc Application/User/stm32l4xx_it.o
                0x08001108                USART1_IRQHandler
 .text.USART2_IRQHandler
                0x08001114        0xc Application/User/stm32l4xx_it.o
                0x08001114                USART2_IRQHandler
 .text.EXTI15_10_IRQHandler
                0x08001120       0x18 Application/User/stm32l4xx_it.o
                0x08001120                EXTI15_10_IRQHandler
 .text.SDMMC1_IRQHandler
                0x08001138        0xc Application/User/stm32l4xx_it.o
                0x08001138                SDMMC1_IRQHandler
 .text.TIM6_DAC_IRQHandler
                0x08001144        0xc Application/User/stm32l4xx_it.o
                0x08001144                TIM6_DAC_IRQHandler
 .text.DMA2_Channel4_IRQHandler
                0x08001150        0xc Application/User/stm32l4xx_it.o
                0x08001150                DMA2_Channel4_IRQHandler
 .text.FPU_IRQHandler
                0x0800115c        0x4 Application/User/stm32l4xx_it.o
                0x0800115c                FPU_IRQHandler
 .text.SystemInit
                0x08001160       0x50 Drivers/CMSIS/system_stm32l4xx.o
                0x08001160                SystemInit
 .text.HAL_InitTick
                0x080011b0       0x2c Drivers/STM32L4xx_HAL_Driver/stm32l4xx_hal.o
                0x080011b0                HAL_InitTick
 .text.HAL_Init
                0x080011dc       0x24 Drivers/STM32L4xx_HAL_Driver/stm32l4xx_hal.o
                0x080011dc                HAL_Init
 .text.HAL_IncTick
                0x08001200       0x10 Drivers/STM32L4xx_HAL_Driver/stm32l4xx_hal.o
                0x08001200                HAL_IncTick
 .text.HAL_GetTick
                0x08001210        0xc Drivers/STM32L4xx_HAL_Driver/stm32l4xx_hal.o
                0x08001210                HAL_GetTick
 .text.HAL_Delay
                0x0800121c       0x1c Drivers/STM32L4xx_HAL_Driver/stm32l4xx_hal.o
                0x0800121c                HAL_Delay
 .text.HAL_NVIC_SetPriorityGrouping
                0x08001238       0x24 Drivers/STM32L4xx_HAL_Driver/stm32l4xx_hal_cortex.o
                0x08001238                HAL_NVIC_SetPriorityGrouping
 .text.HAL_NVIC_SetPriority
                0x0800125c       0x70 Drivers/STM32L4xx_HAL_Driver/stm32l4xx_hal_cortex.o
                0x0800125c                HAL_NVIC_SetPriority
 .text.HAL_NVIC_EnableIRQ
                0x080012cc       0x18 Drivers/STM32L4xx_HAL_Driver/stm32l4xx_hal_cortex.o
                0x080012cc                HAL_NVIC_EnableIRQ
 .text.HAL_SYSTICK_Config
                0x080012e4       0x34 Drivers/STM32L4xx_HAL_Driver/stm32l4xx_hal_cortex.o
                0x080012e4                HAL_SYSTICK_Config
 .text.HAL_SYSTICK_CLKSourceConfig
                0x08001318       0x18 Drivers/STM32L4xx_HAL_Driver/stm32l4xx_hal_cortex.o
                0x08001318                HAL_SYSTICK_CLKSourceConfig
 .text.HAL_SYSTICK_Callback
                0x08001330        0x4 Drivers/STM32L4xx_HAL_Driver/stm32l4xx_hal_cortex.o
                0x08001330                HAL_SYSTICK_Callback
 .text.HAL_SYSTICK_IRQHandler
                0x08001334        0x8 Drivers/STM32L4xx_HAL_Driver/stm32l4xx_hal_cortex.o
                0x08001334                HAL_SYSTICK_IRQHandler
 .text.HAL_DMA_Init
                0x0800133c       0xec Drivers/STM32L4xx_HAL_Driver/stm32l4xx_hal_dma.o
                0x0800133c                HAL_DMA_Init
 .text.HAL_DMA_Start_IT
                0x08001428       0x88 Drivers/STM32L4xx_HAL_Driver/stm32l4xx_hal_dma.o
                0x08001428                HAL_DMA_Start_IT
 .text.HAL_DMA_Abort_IT
                0x080014b0       0x4c Drivers/STM32L4xx_HAL_Driver/stm32l4xx_hal_dma.o
                0x080014b0                HAL_DMA_Abort_IT
 .text.HAL_DMA_IRQHandler
                0x080014fc       0x9c Drivers/STM32L4xx_HAL_Driver/stm32l4xx_hal_dma.o
                0x080014fc                HAL_DMA_IRQHandler
 .text.HAL_FLASH_EndOfOperationCallback
                0x08001598        0x4 Drivers/STM32L4xx_HAL_Driver/stm32l4xx_hal_flash.o
                0x08001598                HAL_FLASH_EndOfOperationCallback
 .text.HAL_FLASH_OperationErrorCallback
                0x0800159c        0x4 Drivers/STM32L4xx_HAL_Driver/stm32l4xx_hal_flash.o
                0x0800159c                HAL_FLASH_OperationErrorCallback
 .text.HAL_FLASH_IRQHandler
                0x080015a0      0x118 Drivers/STM32L4xx_HAL_Driver/stm32l4xx_hal_flash.o
                0x080015a0                HAL_FLASH_IRQHandler
 .text.FLASH_PageErase
                0x080016b8       0x28 Drivers/STM32L4xx_HAL_Driver/stm32l4xx_hal_flash_ex.o
                0x080016b8                FLASH_PageErase
 .text.FLASH_FlushCaches
                0x080016e0       0x58 Drivers/STM32L4xx_HAL_Driver/stm32l4xx_hal_flash_ex.o
                0x080016e0                FLASH_FlushCaches
 .text.HAL_GPIO_Init
                0x08001738      0x1d8 Drivers/STM32L4xx_HAL_Driver/stm32l4xx_hal_gpio.o
                0x08001738                HAL_GPIO_Init
 .text.HAL_GPIO_WritePin
                0x08001910        0xc Drivers/STM32L4xx_HAL_Driver/stm32l4xx_hal_gpio.o
                0x08001910                HAL_GPIO_WritePin
 .text.HAL_GPIO_EXTI_Callback
                0x0800191c        0x4 Drivers/STM32L4xx_HAL_Driver/stm32l4xx_hal_gpio.o
                0x0800191c                HAL_GPIO_EXTI_Callback
 .text.HAL_GPIO_EXTI_IRQHandler
                0x08001920       0x18 Drivers/STM32L4xx_HAL_Driver/stm32l4xx_hal_gpio.o
                0x08001920                HAL_GPIO_EXTI_IRQHandler
 .text.HAL_I2C_Init
                0x08001938       0xac Drivers/STM32L4xx_HAL_Driver/stm32l4xx_hal_i2c.o
                0x08001938                HAL_I2C_Init
 .text.HAL_I2C_EV_IRQHandler
                0x080019e4       0x1c Drivers/STM32L4xx_HAL_Driver/stm32l4xx_hal_i2c.o
                0x080019e4                HAL_I2C_EV_IRQHandler
 .text.HAL_I2C_SlaveTxCpltCallback
                0x08001a00        0x4 Drivers/STM32L4xx_HAL_Driver/stm32l4xx_hal_i2c.o
                0x08001a00                HAL_I2C_SlaveTxCpltCallback
 .text.HAL_I2C_SlaveRxCpltCallback
                0x08001a04        0x4 Drivers/STM32L4xx_HAL_Driver/stm32l4xx_hal_i2c.o
                0x08001a04                HAL_I2C_SlaveRxCpltCallback
 .text.HAL_I2C_AddrCallback
                0x08001a08        0x4 Drivers/STM32L4xx_HAL_Driver/stm32l4xx_hal_i2c.o
                0x08001a08                HAL_I2C_AddrCallback
 .text.I2C_ITAddrCplt.isra.8.part.9
                0x08001a0c       0x78 Drivers/STM32L4xx_HAL_Driver/stm32l4xx_hal_i2c.o
 .text.HAL_I2C_ListenCpltCallback
                0x08001a84        0x4 Drivers/STM32L4xx_HAL_Driver/stm32l4xx_hal_i2c.o
                0x08001a84                HAL_I2C_ListenCpltCallback
 .text.HAL_I2C_ErrorCallback
                0x08001a88        0x4 Drivers/STM32L4xx_HAL_Driver/stm32l4xx_hal_i2c.o
                0x08001a88                HAL_I2C_ErrorCallback
 .text.HAL_I2C_AbortCpltCallback
                0x08001a8c        0x4 Drivers/STM32L4xx_HAL_Driver/stm32l4xx_hal_i2c.o
                0x08001a8c                HAL_I2C_AbortCpltCallback
 .text.I2C_ITError
                0x08001a90      0x12c Drivers/STM32L4xx_HAL_Driver/stm32l4xx_hal_i2c.o
 .text.I2C_ITSlaveCplt
                0x08001bbc      0x160 Drivers/STM32L4xx_HAL_Driver/stm32l4xx_hal_i2c.o
 .text.I2C_Slave_ISR_IT
                0x08001d1c      0x2b4 Drivers/STM32L4xx_HAL_Driver/stm32l4xx_hal_i2c.o
 .text.I2C_DMAAbort
                0x08001fd0       0x34 Drivers/STM32L4xx_HAL_Driver/stm32l4xx_hal_i2c.o
 .text.HAL_I2C_ER_IRQHandler
                0x08002004      0x198 Drivers/STM32L4xx_HAL_Driver/stm32l4xx_hal_i2c.o
                0x08002004                HAL_I2C_ER_IRQHandler
 .text.HAL_I2CEx_ConfigAnalogFilter
                0x0800219c       0x54 Drivers/STM32L4xx_HAL_Driver/stm32l4xx_hal_i2c_ex.o
                0x0800219c                HAL_I2CEx_ConfigAnalogFilter
 .text.HAL_I2CEx_ConfigDigitalFilter
                0x080021f0       0x50 Drivers/STM32L4xx_HAL_Driver/stm32l4xx_hal_i2c_ex.o
                0x080021f0                HAL_I2CEx_ConfigDigitalFilter
 .text.HAL_PWR_PVDCallback
                0x08002240        0x4 Drivers/STM32L4xx_HAL_Driver/stm32l4xx_hal_pwr.o
                0x08002240                HAL_PWR_PVDCallback
 .text.HAL_PWREx_GetVoltageRange
                0x08002244       0x10 Drivers/STM32L4xx_HAL_Driver/stm32l4xx_hal_pwr_ex.o
                0x08002244                HAL_PWREx_GetVoltageRange
 .text.HAL_PWREx_ControlVoltageScaling
                0x08002254       0x78 Drivers/STM32L4xx_HAL_Driver/stm32l4xx_hal_pwr_ex.o
                0x08002254                HAL_PWREx_ControlVoltageScaling
 .text.HAL_PWREx_PVM1Callback
                0x080022cc        0x4 Drivers/STM32L4xx_HAL_Driver/stm32l4xx_hal_pwr_ex.o
                0x080022cc                HAL_PWREx_PVM1Callback
 .text.HAL_PWREx_PVM3Callback
                0x080022d0        0x4 Drivers/STM32L4xx_HAL_Driver/stm32l4xx_hal_pwr_ex.o
                0x080022d0                HAL_PWREx_PVM3Callback
 .text.HAL_PWREx_PVM4Callback
                0x080022d4        0x4 Drivers/STM32L4xx_HAL_Driver/stm32l4xx_hal_pwr_ex.o
                0x080022d4                HAL_PWREx_PVM4Callback
 .text.HAL_PWREx_PVD_PVM_IRQHandler
                0x080022d8       0x50 Drivers/STM32L4xx_HAL_Driver/stm32l4xx_hal_pwr_ex.o
                0x080022d8                HAL_PWREx_PVD_PVM_IRQHandler
 .text.HAL_RCC_GetSysClockFreq
                0x08002328       0xfc Drivers/STM32L4xx_HAL_Driver/stm32l4xx_hal_rcc.o
                0x08002328                HAL_RCC_GetSysClockFreq
 .text.HAL_RCC_OscConfig
                0x08002424      0x664 Drivers/STM32L4xx_HAL_Driver/stm32l4xx_hal_rcc.o
                0x08002424                HAL_RCC_OscConfig
 .text.HAL_RCC_ClockConfig
                0x08002a88      0x124 Drivers/STM32L4xx_HAL_Driver/stm32l4xx_hal_rcc.o
                0x08002a88                HAL_RCC_ClockConfig
 .text.HAL_RCC_GetHCLKFreq
                0x08002bac        0xc Drivers/STM32L4xx_HAL_Driver/stm32l4xx_hal_rcc.o
                0x08002bac                HAL_RCC_GetHCLKFreq
 .text.HAL_RCC_GetPCLK1Freq
                0x08002bb8       0x20 Drivers/STM32L4xx_HAL_Driver/stm32l4xx_hal_rcc.o
                0x08002bb8                HAL_RCC_GetPCLK1Freq
 .text.HAL_RCC_GetPCLK2Freq
                0x08002bd8       0x20 Drivers/STM32L4xx_HAL_Driver/stm32l4xx_hal_rcc.o
                0x08002bd8                HAL_RCC_GetPCLK2Freq
 .text.RCCEx_PLLSAI1_Config
                0x08002bf8      0x128 Drivers/STM32L4xx_HAL_Driver/stm32l4xx_hal_rcc_ex.o
 .text.HAL_RCCEx_PeriphCLKConfig
                0x08002d20      0x358 Drivers/STM32L4xx_HAL_Driver/stm32l4xx_hal_rcc_ex.o
                0x08002d20                HAL_RCCEx_PeriphCLKConfig
 .text.HAL_RTC_Init
                0x08003078       0xe8 Drivers/STM32L4xx_HAL_Driver/stm32l4xx_hal_rtc.o
                0x08003078                HAL_RTC_Init
 .text.HAL_RTC_SetTime
                0x08003160      0x188 Drivers/STM32L4xx_HAL_Driver/stm32l4xx_hal_rtc.o
                0x08003160                HAL_RTC_SetTime
 .text.HAL_RTC_SetDate
                0x080032e8      0x158 Drivers/STM32L4xx_HAL_Driver/stm32l4xx_hal_rtc.o
                0x080032e8                HAL_RTC_SetDate
 .text.SD_DMATransmitCplt
                0x08003440       0x10 Drivers/STM32L4xx_HAL_Driver/stm32l4xx_hal_sd.o
 .text.HAL_SD_ReadBlocks_DMA
                0x08003450      0x144 Drivers/STM32L4xx_HAL_Driver/stm32l4xx_hal_sd.o
                0x08003450                HAL_SD_ReadBlocks_DMA
 .text.HAL_SD_WriteBlocks_DMA
                0x08003594      0x158 Drivers/STM32L4xx_HAL_Driver/stm32l4xx_hal_sd.o
                0x08003594                HAL_SD_WriteBlocks_DMA
 .text.HAL_SD_ErrorCallback
                0x080036ec        0x4 Drivers/STM32L4xx_HAL_Driver/stm32l4xx_hal_sd.o
                0x080036ec                HAL_SD_ErrorCallback
 .text.SD_DMAReceiveCplt
                0x080036f0       0x44 Drivers/STM32L4xx_HAL_Driver/stm32l4xx_hal_sd.o
 .text.SD_DMAError
                0x08003734       0x78 Drivers/STM32L4xx_HAL_Driver/stm32l4xx_hal_sd.o
 .text.SD_DMARxAbort
                0x080037ac       0x64 Drivers/STM32L4xx_HAL_Driver/stm32l4xx_hal_sd.o
 .text.HAL_SD_IRQHandler
                0x08003810      0x1f4 Drivers/STM32L4xx_HAL_Driver/stm32l4xx_hal_sd.o
                0x08003810                HAL_SD_IRQHandler
 .text.SD_DMATxAbort
                0x08003a04       0x64 Drivers/STM32L4xx_HAL_Driver/stm32l4xx_hal_sd.o
 .text.HAL_SD_GetCardCSD
                0x08003a68      0x1bc Drivers/STM32L4xx_HAL_Driver/stm32l4xx_hal_sd.o
                0x08003a68                HAL_SD_GetCardCSD
 .text.HAL_SD_Init
                0x08003c24      0x22c Drivers/STM32L4xx_HAL_Driver/stm32l4xx_hal_sd.o
                0x08003c24                HAL_SD_Init
 .text.HAL_SD_GetCardInfo
                0x08003e50       0x28 Drivers/STM32L4xx_HAL_Driver/stm32l4xx_hal_sd.o
                0x08003e50                HAL_SD_GetCardInfo
 .text.HAL_SD_GetCardState
                0x08003e78       0x28 Drivers/STM32L4xx_HAL_Driver/stm32l4xx_hal_sd.o
                0x08003e78                HAL_SD_GetCardState
 .text.HAL_TIM_Base_Init
                0x08003ea0       0xd8 Drivers/STM32L4xx_HAL_Driver/stm32l4xx_hal_tim.o
                0x08003ea0                HAL_TIM_Base_Init
 .text.HAL_TIM_ConfigClockSource
                0x08003f78      0x16c Drivers/STM32L4xx_HAL_Driver/stm32l4xx_hal_tim.o
                0x08003f78                HAL_TIM_ConfigClockSource
 .text.HAL_TIM_PeriodElapsedCallback
                0x080040e4        0x4 Drivers/STM32L4xx_HAL_Driver/stm32l4xx_hal_tim.o
                0x080040e4                HAL_TIM_PeriodElapsedCallback
 .text.HAL_TIM_OC_DelayElapsedCallback
                0x080040e8        0x4 Drivers/STM32L4xx_HAL_Driver/stm32l4xx_hal_tim.o
                0x080040e8                HAL_TIM_OC_DelayElapsedCallback
 .text.HAL_TIM_IC_CaptureCallback
                0x080040ec        0x4 Drivers/STM32L4xx_HAL_Driver/stm32l4xx_hal_tim.o
                0x080040ec                HAL_TIM_IC_CaptureCallback
 .text.HAL_TIM_PWM_PulseFinishedCallback
                0x080040f0        0x4 Drivers/STM32L4xx_HAL_Driver/stm32l4xx_hal_tim.o
                0x080040f0                HAL_TIM_PWM_PulseFinishedCallback
 .text.HAL_TIM_TriggerCallback
                0x080040f4        0x4 Drivers/STM32L4xx_HAL_Driver/stm32l4xx_hal_tim.o
                0x080040f4                HAL_TIM_TriggerCallback
 .text.HAL_TIM_IRQHandler
                0x080040f8      0x170 Drivers/STM32L4xx_HAL_Driver/stm32l4xx_hal_tim.o
                0x080040f8                HAL_TIM_IRQHandler
 .text.HAL_TIMEx_MasterConfigSynchronization
                0x08004268       0x58 Drivers/STM32L4xx_HAL_Driver/stm32l4xx_hal_tim_ex.o
                0x08004268                HAL_TIMEx_MasterConfigSynchronization
 .text.HAL_TIMEx_CommutationCallback
                0x080042c0        0x4 Drivers/STM32L4xx_HAL_Driver/stm32l4xx_hal_tim_ex.o
                0x080042c0                HAL_TIMEx_CommutationCallback
 .text.HAL_TIMEx_BreakCallback
                0x080042c4        0x4 Drivers/STM32L4xx_HAL_Driver/stm32l4xx_hal_tim_ex.o
                0x080042c4                HAL_TIMEx_BreakCallback
 .text.HAL_TIMEx_Break2Callback
                0x080042c8        0x4 Drivers/STM32L4xx_HAL_Driver/stm32l4xx_hal_tim_ex.o
                0x080042c8                HAL_TIMEx_Break2Callback
 .text.HAL_UART_TxCpltCallback
                0x080042cc        0x4 Drivers/STM32L4xx_HAL_Driver/stm32l4xx_hal_uart.o
                0x080042cc                HAL_UART_TxCpltCallback
 .text.HAL_UART_ErrorCallback
                0x080042d0        0x4 Drivers/STM32L4xx_HAL_Driver/stm32l4xx_hal_uart.o
                0x080042d0                HAL_UART_ErrorCallback
 .text.HAL_UART_IRQHandler
                0x080042d4      0x158 Drivers/STM32L4xx_HAL_Driver/stm32l4xx_hal_uart.o
                0x080042d4                HAL_UART_IRQHandler
 .text.UART_DMAAbortOnError
                0x0800442c       0x18 Drivers/STM32L4xx_HAL_Driver/stm32l4xx_hal_uart.o
 .text.UART_AdvFeatureConfig
                0x08004444       0xb0 Drivers/STM32L4xx_HAL_Driver/stm32l4xx_hal_uart.o
                0x08004444                UART_AdvFeatureConfig
 .text.HAL_UART_Init
                0x080044f4      0x414 Drivers/STM32L4xx_HAL_Driver/stm32l4xx_hal_uart.o
                0x080044f4                HAL_UART_Init
 .text.HAL_UARTEx_WakeupCallback
                0x08004908        0x4 Drivers/STM32L4xx_HAL_Driver/stm32l4xx_hal_uart_ex.o
                0x08004908                HAL_UARTEx_WakeupCallback
 .text.SDMMC_GetCmdResp1.part.2
                0x0800490c       0xc8 Drivers/STM32L4xx_HAL_Driver/stm32l4xx_ll_sdmmc.o
 .text.SDMMC_Init
                0x080049d4       0x34 Drivers/STM32L4xx_HAL_Driver/stm32l4xx_ll_sdmmc.o
                0x080049d4                SDMMC_Init
 .text.SDMMC_ReadFIFO
                0x08004a08        0x8 Drivers/STM32L4xx_HAL_Driver/stm32l4xx_ll_sdmmc.o
                0x08004a08                SDMMC_ReadFIFO
 .text.SDMMC_WriteFIFO
                0x08004a10        0xc Drivers/STM32L4xx_HAL_Driver/stm32l4xx_ll_sdmmc.o
                0x08004a10                SDMMC_WriteFIFO
 .text.SDMMC_PowerState_ON
                0x08004a1c        0x8 Drivers/STM32L4xx_HAL_Driver/stm32l4xx_ll_sdmmc.o
                0x08004a1c                SDMMC_PowerState_ON
 .text.SDMMC_GetPowerState
                0x08004a24        0x8 Drivers/STM32L4xx_HAL_Driver/stm32l4xx_ll_sdmmc.o
                0x08004a24                SDMMC_GetPowerState
 .text.SDMMC_GetResponse
                0x08004a2c        0x8 Drivers/STM32L4xx_HAL_Driver/stm32l4xx_ll_sdmmc.o
                0x08004a2c                SDMMC_GetResponse
 .text.SDMMC_ConfigData
                0x08004a34       0x28 Drivers/STM32L4xx_HAL_Driver/stm32l4xx_ll_sdmmc.o
                0x08004a34                SDMMC_ConfigData
 .text.SDMMC_CmdBlockLength
                0x08004a5c       0x70 Drivers/STM32L4xx_HAL_Driver/stm32l4xx_ll_sdmmc.o
                0x08004a5c                SDMMC_CmdBlockLength
 .text.SDMMC_CmdReadSingleBlock
                0x08004acc       0x74 Drivers/STM32L4xx_HAL_Driver/stm32l4xx_ll_sdmmc.o
                0x08004acc                SDMMC_CmdReadSingleBlock
 .text.SDMMC_CmdReadMultiBlock
                0x08004b40       0x74 Drivers/STM32L4xx_HAL_Driver/stm32l4xx_ll_sdmmc.o
                0x08004b40                SDMMC_CmdReadMultiBlock
 .text.SDMMC_CmdWriteSingleBlock
                0x08004bb4       0x70 Drivers/STM32L4xx_HAL_Driver/stm32l4xx_ll_sdmmc.o
                0x08004bb4                SDMMC_CmdWriteSingleBlock
 .text.SDMMC_CmdWriteMultiBlock
                0x08004c24       0x74 Drivers/STM32L4xx_HAL_Driver/stm32l4xx_ll_sdmmc.o
                0x08004c24                SDMMC_CmdWriteMultiBlock
 .text.SDMMC_CmdStopTransfer
                0x08004c98       0x84 Drivers/STM32L4xx_HAL_Driver/stm32l4xx_ll_sdmmc.o
                0x08004c98                SDMMC_CmdStopTransfer
 .text.SDMMC_CmdSelDesel
                0x08004d1c       0x74 Drivers/STM32L4xx_HAL_Driver/stm32l4xx_ll_sdmmc.o
                0x08004d1c                SDMMC_CmdSelDesel
 .text.SDMMC_CmdGoIdleState
                0x08004d90       0x4c Drivers/STM32L4xx_HAL_Driver/stm32l4xx_ll_sdmmc.o
                0x08004d90                SDMMC_CmdGoIdleState
 .text.SDMMC_CmdOperCond
                0x08004ddc       0x74 Drivers/STM32L4xx_HAL_Driver/stm32l4xx_ll_sdmmc.o
                0x08004ddc                SDMMC_CmdOperCond
 .text.SDMMC_CmdAppCommand
                0x08004e50       0x74 Drivers/STM32L4xx_HAL_Driver/stm32l4xx_ll_sdmmc.o
                0x08004e50                SDMMC_CmdAppCommand
 .text.SDMMC_CmdAppOperCommand
                0x08004ec4       0x70 Drivers/STM32L4xx_HAL_Driver/stm32l4xx_ll_sdmmc.o
                0x08004ec4                SDMMC_CmdAppOperCommand
 .text.SDMMC_CmdSendCID
                0x08004f34       0x6c Drivers/STM32L4xx_HAL_Driver/stm32l4xx_ll_sdmmc.o
                0x08004f34                SDMMC_CmdSendCID
 .text.SDMMC_CmdSendCSD
                0x08004fa0       0x78 Drivers/STM32L4xx_HAL_Driver/stm32l4xx_ll_sdmmc.o
                0x08004fa0                SDMMC_CmdSendCSD
 .text.SDMMC_CmdSetRelAdd
                0x08005018       0xa8 Drivers/STM32L4xx_HAL_Driver/stm32l4xx_ll_sdmmc.o
                0x08005018                SDMMC_CmdSetRelAdd
 .text.SDMMC_CmdSendStatus
                0x080050c0       0x74 Drivers/STM32L4xx_HAL_Driver/stm32l4xx_ll_sdmmc.o
                0x080050c0                SDMMC_CmdSendStatus
 .text.ff_convert
                0x08005134       0x48 Middlewares/FatFs/ccsbcs.o
                0x08005134                ff_convert
 .text.ff_wtoupper
                0x0800517c       0x98 Middlewares/FatFs/ccsbcs.o
                0x0800517c                ff_wtoupper
 .text.disk_status
                0x08005214       0x14 Middlewares/FatFs/diskio.o
                0x08005214                disk_status
 .text.disk_initialize
                0x08005228       0x20 Middlewares/FatFs/diskio.o
                0x08005228                disk_initialize
 .text.disk_read
                0x08005248       0x1c Middlewares/FatFs/diskio.o
                0x08005248                disk_read
 .text.disk_write
                0x08005264       0x1c Middlewares/FatFs/diskio.o
                0x08005264                disk_write
 .text.disk_ioctl
                0x08005280       0x1c Middlewares/FatFs/diskio.o
                0x08005280                disk_ioctl
 .text.unlikely.sync_window.part.4
                0x0800529c       0x48 Middlewares/FatFs/ff.o
 .text.check_fs
                0x080052e4       0xac Middlewares/FatFs/ff.o
 .text.unlikely.move_window
                0x08005390       0x80 Middlewares/FatFs/ff.o
 .text.find_volume
                0x08005410      0x3f0 Middlewares/FatFs/ff.o
 .text.sync_fs  0x08005800       0xfc Middlewares/FatFs/ff.o
 .text.put_fat.part.6
                0x080058fc      0x2d4 Middlewares/FatFs/ff.o
 .text.remove_chain
                0x08005bd0      0x2f0 Middlewares/FatFs/ff.o
 .text.get_fat.isra.7
                0x08005ec0      0x270 Middlewares/FatFs/ff.o
 .text.create_chain
                0x08006130      0x36c Middlewares/FatFs/ff.o
 .text.dir_next
                0x0800649c      0x14c Middlewares/FatFs/ff.o
 .text.dir_sdi  0x080065e8      0x364 Middlewares/FatFs/ff.o
 .text.dir_find
                0x0800694c      0x360 Middlewares/FatFs/ff.o
 .text.follow_path
                0x08006cac      0x308 Middlewares/FatFs/ff.o
 .text.dir_register
                0x08006fb4      0xa90 Middlewares/FatFs/ff.o
 .text.f_mount  0x08007a44       0x80 Middlewares/FatFs/ff.o
                0x08007a44                f_mount
 .text.f_open   0x08007ac4      0x3f0 Middlewares/FatFs/ff.o
                0x08007ac4                f_open
 .text.f_sync   0x08007eb4      0x13c Middlewares/FatFs/ff.o
                0x08007eb4                f_sync
 .text.f_close  0x08007ff0      0x18c Middlewares/FatFs/ff.o
                0x08007ff0                f_close
 .text.f_lseek  0x0800817c      0x5f8 Middlewares/FatFs/ff.o
                0x0800817c                f_lseek
 .text.FATFS_LinkDriver
                0x08008774       0x48 Middlewares/FatFs/ff_gen_drv.o
                0x08008774                FATFS_LinkDriver
 .text.ff_memalloc
                0x080087bc        0x4 Middlewares/FatFs/syscall.o
                0x080087bc                ff_memalloc
 .text.ff_memfree
                0x080087c0        0x4 Middlewares/FatFs/syscall.o
                0x080087c0                ff_memfree
 .text.__libc_init_array
                0x080087c4       0x4c c:/users/arutkowski/.p2/pool/plugins/fr.ac6.mcu.externaltools.arm-none.win32_1.13.2.201703061525/tools/compiler/bin/../lib/gcc/arm-none-eabi/5.4.1/../../../../arm-none-eabi/lib/armv7e-m/fpu\libc_nano.a(lib_a-init.o)
                0x080087c4                __libc_init_array
 .text.malloc   0x08008810       0x10 c:/users/arutkowski/.p2/pool/plugins/fr.ac6.mcu.externaltools.arm-none.win32_1.13.2.201703061525/tools/compiler/bin/../lib/gcc/arm-none-eabi/5.4.1/../../../../arm-none-eabi/lib/armv7e-m/fpu\libc_nano.a(lib_a-malloc.o)
                0x08008810                malloc
 .text.free     0x08008820       0x10 c:/users/arutkowski/.p2/pool/plugins/fr.ac6.mcu.externaltools.arm-none.win32_1.13.2.201703061525/tools/compiler/bin/../lib/gcc/arm-none-eabi/5.4.1/../../../../arm-none-eabi/lib/armv7e-m/fpu\libc_nano.a(lib_a-malloc.o)
                0x08008820                free
 .text.memset   0x08008830       0x10 c:/users/arutkowski/.p2/pool/plugins/fr.ac6.mcu.externaltools.arm-none.win32_1.13.2.201703061525/tools/compiler/bin/../lib/gcc/arm-none-eabi/5.4.1/../../../../arm-none-eabi/lib/armv7e-m/fpu\libc_nano.a(lib_a-memset.o)
                0x08008830                memset
 .text._free_r  0x08008840       0x9c c:/users/arutkowski/.p2/pool/plugins/fr.ac6.mcu.externaltools.arm-none.win32_1.13.2.201703061525/tools/compiler/bin/../lib/gcc/arm-none-eabi/5.4.1/../../../../arm-none-eabi/lib/armv7e-m/fpu\libc_nano.a(lib_a-nano-freer.o)
                0x08008840                _free_r
 .text._malloc_r
                0x080088dc       0xbc c:/users/arutkowski/.p2/pool/plugins/fr.ac6.mcu.externaltools.arm-none.win32_1.13.2.201703061525/tools/compiler/bin/../lib/gcc/arm-none-eabi/5.4.1/../../../../arm-none-eabi/lib/armv7e-m/fpu\libc_nano.a(lib_a-nano-mallocr.o)
                0x080088dc                _malloc_r
 .text._sbrk_r  0x08008998       0x20 c:/users/arutkowski/.p2/pool/plugins/fr.ac6.mcu.externaltools.arm-none.win32_1.13.2.201703061525/tools/compiler/bin/../lib/gcc/arm-none-eabi/5.4.1/../../../../arm-none-eabi/lib/armv7e-m/fpu\libc_nano.a(lib_a-sbrkr.o)
                0x08008998                _sbrk_r
 .text.__malloc_lock
                0x080089b8        0x2 c:/users/arutkowski/.p2/pool/plugins/fr.ac6.mcu.externaltools.arm-none.win32_1.13.2.201703061525/tools/compiler/bin/../lib/gcc/arm-none-eabi/5.4.1/../../../../arm-none-eabi/lib/armv7e-m/fpu\libc_nano.a(lib_a-mlock.o)
                0x080089b8                __malloc_lock
 .text.__malloc_unlock
                0x080089ba        0x2 c:/users/arutkowski/.p2/pool/plugins/fr.ac6.mcu.externaltools.arm-none.win32_1.13.2.201703061525/tools/compiler/bin/../lib/gcc/arm-none-eabi/5.4.1/../../../../arm-none-eabi/lib/armv7e-m/fpu\libc_nano.a(lib_a-mlock.o)
                0x080089ba                __malloc_unlock
 .text._sbrk    0x080089bc       0x1c c:/users/arutkowski/.p2/pool/plugins/fr.ac6.mcu.externaltools.arm-none.win32_1.13.2.201703061525/tools/compiler/bin/../lib/gcc/arm-none-eabi/5.4.1/../../../../arm-none-eabi/lib/armv7e-m/fpu\libnosys.a(sbrk.o)
                0x080089bc                _sbrk
 *(.glue_7)
 .glue_7        0x080089d8        0x0 linker stubs
 *(.glue_7t)
 .glue_7t       0x080089d8        0x0 linker stubs
 *(.eh_frame)
 .eh_frame      0x080089d8        0x0 c:/users/arutkowski/.p2/pool/plugins/fr.ac6.mcu.externaltools.arm-none.win32_1.13.2.201703061525/tools/compiler/bin/../lib/gcc/arm-none-eabi/5.4.1/armv7e-m/fpu/crtbegin.o
 *(.init)
 .init          0x080089d8        0x4 c:/users/arutkowski/.p2/pool/plugins/fr.ac6.mcu.externaltools.arm-none.win32_1.13.2.201703061525/tools/compiler/bin/../lib/gcc/arm-none-eabi/5.4.1/armv7e-m/fpu/crti.o
                0x080089d8                _init
 .init          0x080089dc        0x8 c:/users/arutkowski/.p2/pool/plugins/fr.ac6.mcu.externaltools.arm-none.win32_1.13.2.201703061525/tools/compiler/bin/../lib/gcc/arm-none-eabi/5.4.1/armv7e-m/fpu/crtn.o
 *(.fini)
 .fini          0x080089e4        0x4 c:/users/arutkowski/.p2/pool/plugins/fr.ac6.mcu.externaltools.arm-none.win32_1.13.2.201703061525/tools/compiler/bin/../lib/gcc/arm-none-eabi/5.4.1/armv7e-m/fpu/crti.o
                0x080089e4                _fini
 .fini          0x080089e8        0x8 c:/users/arutkowski/.p2/pool/plugins/fr.ac6.mcu.externaltools.arm-none.win32_1.13.2.201703061525/tools/compiler/bin/../lib/gcc/arm-none-eabi/5.4.1/armv7e-m/fpu/crtn.o
                0x080089f0                . = ALIGN (0x8)
                0x080089f0                _etext = .

.vfp11_veneer   0x080089f0        0x0
 .vfp11_veneer  0x080089f0        0x0 linker stubs

.v4_bx          0x080089f0        0x0
 .v4_bx         0x080089f0        0x0 linker stubs

.iplt           0x080089f0        0x0
 .iplt          0x080089f0        0x0 c:/users/arutkowski/.p2/pool/plugins/fr.ac6.mcu.externaltools.arm-none.win32_1.13.2.201703061525/tools/compiler/bin/../lib/gcc/arm-none-eabi/5.4.1/armv7e-m/fpu/crtbegin.o

.rodata         0x080089f0      0x538
                0x080089f0                . = ALIGN (0x8)
 *(.rodata)
 .rodata        0x080089f0       0x14 Application/User/sd_diskio.o
                0x080089f0                SD_Driver
 .rodata        0x08008a04       0x48 Drivers/CMSIS/system_stm32l4xx.o
                0x08008a04                MSIRangeTable
                0x08008a34                AHBPrescTable
                0x08008a44                APBPrescTable
 .rodata        0x08008a4c       0x11 Drivers/STM32L4xx_HAL_Driver/stm32l4xx_hal_uart.o
 *fill*         0x08008a5d        0x3 
 .rodata        0x08008a60      0x3b0 Middlewares/FatFs/ccsbcs.o
 .rodata        0x08008e10       0x90 Middlewares/FatFs/ff.o
 *(.rodata*)
 .rodata.str1.4
                0x08008ea0        0x6 Application/User/main.o
 *fill*         0x08008ea6        0x2 
 .rodata.str1.4
                0x08008ea8       0x38 Application/User/stm32l4xx_hal_msp.o
 .rodata.str1.4
                0x08008ee0       0x48 Middlewares/FatFs/ff.o
                0x08008f28                . = ALIGN (0x8)

.ARM.extab      0x08008f28        0x0
                0x08008f28                . = ALIGN (0x8)
 *(.ARM.extab* .gnu.linkonce.armextab.*)
                0x08008f28                . = ALIGN (0x8)

.ARM            0x08008f28        0x8
                0x08008f28                . = ALIGN (0x8)
                0x08008f28                __exidx_start = .
 *(.ARM.exidx*)
 .ARM.exidx     0x08008f28        0x8 c:/users/arutkowski/.p2/pool/plugins/fr.ac6.mcu.externaltools.arm-none.win32_1.13.2.201703061525/tools/compiler/bin/../lib/gcc/arm-none-eabi/5.4.1/armv7e-m/fpu\libgcc.a(_udivmoddi4.o)
                0x08008f30                __exidx_end = .
                0x08008f30                . = ALIGN (0x8)

.rel.dyn        0x08008f30        0x0
 .rel.iplt      0x08008f30        0x0 c:/users/arutkowski/.p2/pool/plugins/fr.ac6.mcu.externaltools.arm-none.win32_1.13.2.201703061525/tools/compiler/bin/../lib/gcc/arm-none-eabi/5.4.1/armv7e-m/fpu/crtbegin.o

.preinit_array  0x08008f30        0x0
                0x08008f30                . = ALIGN (0x8)
                0x08008f30                PROVIDE (__preinit_array_start, .)
 *(.preinit_array*)
                0x08008f30                PROVIDE (__preinit_array_end, .)
                0x08008f30                . = ALIGN (0x8)

.init_array     0x08008f30        0x8
                0x08008f30                . = ALIGN (0x8)
                0x08008f30                PROVIDE (__init_array_start, .)
 *(SORT(.init_array.*))
 *(.init_array*)
 .init_array    0x08008f30        0x4 c:/users/arutkowski/.p2/pool/plugins/fr.ac6.mcu.externaltools.arm-none.win32_1.13.2.201703061525/tools/compiler/bin/../lib/gcc/arm-none-eabi/5.4.1/armv7e-m/fpu/crtbegin.o
                0x08008f34                PROVIDE (__init_array_end, .)
                0x08008f38                . = ALIGN (0x8)
 *fill*         0x08008f34        0x4 

.fini_array     0x08008f38        0x8
                0x08008f38                . = ALIGN (0x8)
                [!provide]                PROVIDE (__fini_array_start, .)
 *(SORT(.fini_array.*))
 *(.fini_array*)
 .fini_array    0x08008f38        0x4 c:/users/arutkowski/.p2/pool/plugins/fr.ac6.mcu.externaltools.arm-none.win32_1.13.2.201703061525/tools/compiler/bin/../lib/gcc/arm-none-eabi/5.4.1/armv7e-m/fpu/crtbegin.o
                [!provide]                PROVIDE (__fini_array_end, .)
                0x08008f40                . = ALIGN (0x8)
 *fill*         0x08008f3c        0x4 
                0x08008f40                _sidata = LOADADDR (.data)

.data           0x20000000       0x90 load address 0x08008f40
                0x20000000                . = ALIGN (0x8)
                0x20000000                _sdata = .
 *(.data)
 .data          0x20000000        0x1 Application/User/sd_diskio.o
 *fill*         0x20000001        0x3 
 .data          0x20000004        0x4 Drivers/CMSIS/system_stm32l4xx.o
                0x20000004                SystemCoreClock
 .data          0x20000008       0x20 Drivers/STM32L4xx_HAL_Driver/stm32l4xx_hal_flash.o
                0x20000008                pFlash
 *(.data*)
 .data.impure_data
                0x20000028       0x60 c:/users/arutkowski/.p2/pool/plugins/fr.ac6.mcu.externaltools.arm-none.win32_1.13.2.201703061525/tools/compiler/bin/../lib/gcc/arm-none-eabi/5.4.1/../../../../arm-none-eabi/lib/armv7e-m/fpu\libc_nano.a(lib_a-impure.o)
 .data._impure_ptr
                0x20000088        0x4 c:/users/arutkowski/.p2/pool/plugins/fr.ac6.mcu.externaltools.arm-none.win32_1.13.2.201703061525/tools/compiler/bin/../lib/gcc/arm-none-eabi/5.4.1/../../../../arm-none-eabi/lib/armv7e-m/fpu\libc_nano.a(lib_a-impure.o)
                0x20000088                _impure_ptr
                0x20000090                . = ALIGN (0x8)
 *fill*         0x2000008c        0x4 
                0x20000090                _edata = .

.jcr            0x20000090        0x0 load address 0x08008fd0
 .jcr           0x20000090        0x0 c:/users/arutkowski/.p2/pool/plugins/fr.ac6.mcu.externaltools.arm-none.win32_1.13.2.201703061525/tools/compiler/bin/../lib/gcc/arm-none-eabi/5.4.1/armv7e-m/fpu/crtbegin.o

.igot.plt       0x20000090        0x0 load address 0x08008fd0
 .igot.plt      0x20000090        0x0 c:/users/arutkowski/.p2/pool/plugins/fr.ac6.mcu.externaltools.arm-none.win32_1.13.2.201703061525/tools/compiler/bin/../lib/gcc/arm-none-eabi/5.4.1/armv7e-m/fpu/crtbegin.o
                0x20000090                . = ALIGN (0x4)

.bss            0x20000090      0xe0c load address 0x08008fd0
                0x20000090                _sbss = .
                0x20000090                __bss_start__ = _sbss
 *(.bss)
 .bss           0x20000090       0x1c c:/users/arutkowski/.p2/pool/plugins/fr.ac6.mcu.externaltools.arm-none.win32_1.13.2.201703061525/tools/compiler/bin/../lib/gcc/arm-none-eabi/5.4.1/armv7e-m/fpu/crtbegin.o
 .bss           0x200000ac        0x8 Application/User/sd_diskio.o
 .bss           0x200000b4       0x28 Middlewares/FatFs/ff.o
 .bss           0x200000dc        0xc Middlewares/FatFs/ff_gen_drv.o
                0x200000dc                disk
 *(.bss*)
 .bss.__malloc_sbrk_start
                0x200000e8        0x4 c:/users/arutkowski/.p2/pool/plugins/fr.ac6.mcu.externaltools.arm-none.win32_1.13.2.201703061525/tools/compiler/bin/../lib/gcc/arm-none-eabi/5.4.1/../../../../arm-none-eabi/lib/armv7e-m/fpu\libc_nano.a(lib_a-nano-mallocr.o)
                0x200000e8                __malloc_sbrk_start
 .bss.__malloc_free_list
                0x200000ec        0x4 c:/users/arutkowski/.p2/pool/plugins/fr.ac6.mcu.externaltools.arm-none.win32_1.13.2.201703061525/tools/compiler/bin/../lib/gcc/arm-none-eabi/5.4.1/../../../../arm-none-eabi/lib/armv7e-m/fpu\libc_nano.a(lib_a-nano-mallocr.o)
                0x200000ec                __malloc_free_list
 .bss.heap_end.4169
                0x200000f0        0x4 c:/users/arutkowski/.p2/pool/plugins/fr.ac6.mcu.externaltools.arm-none.win32_1.13.2.201703061525/tools/compiler/bin/../lib/gcc/arm-none-eabi/5.4.1/../../../../arm-none-eabi/lib/armv7e-m/fpu\libnosys.a(sbrk.o)
 *(COMMON)
 COMMON         0x200000f4      0x46c Application/User/fatfs.o
                0x200000f4                retSD
                0x200000f8                SDPath
                0x200000fc                SDFile
                0x2000032c                SDFatFS
 COMMON         0x20000560      0x934 Application/User/main.o
                0x20000560                hi2c1
                0x200005ac                htim15
                0x200005ec                hi2c2
                0x20000638                hsd1
                0x200006bc                alarm
                0x200006c0                r
                0x200006c4                plikname
                0x200006d0                FatF
                0x20000904                huart1
                0x2000097c                hrtc
                0x200009a0                htim6
                0x200009e0                tryb
                0x200009e1                fresult
                0x200009e4                htim2
                0x20000a24                huart2
                0x20000a9c                plik
                0x20000ccc                htim16
                0x20000d0c                debugFile
                0x20000e24                tablica1
                0x20000e4c                hdma_sdmmc1
 COMMON         0x20000e94        0x4 Drivers/STM32L4xx_HAL_Driver/stm32l4xx_hal.o
                0x20000e94                uwTick
 COMMON         0x20000e98        0x4 c:/users/arutkowski/.p2/pool/plugins/fr.ac6.mcu.externaltools.arm-none.win32_1.13.2.201703061525/tools/compiler/bin/../lib/gcc/arm-none-eabi/5.4.1/../../../../arm-none-eabi/lib/armv7e-m/fpu\libc_nano.a(lib_a-reent.o)
                0x20000e98                errno
                0x20000e9c                . = ALIGN (0x4)
                0x20000e9c                _ebss = .
                0x20000e9c                __bss_end__ = _ebss

._user_heap_stack
                0x20000e9c     0x6004 load address 0x08008fd0
                0x20000ea0                . = ALIGN (0x8)
 *fill*         0x20000e9c        0x4 
                0x20000ea0                PROVIDE (end, .)
                [!provide]                PROVIDE (_end, .)
                0x20002ea0                . = (. + _Min_Heap_Size)
 *fill*         0x20000ea0     0x2000 
                0x20006ea0                . = (. + _Min_Stack_Size)
 *fill*         0x20002ea0     0x4000 
                0x20006ea0                . = ALIGN (0x8)

/DISCARD/
 libc.a(*)
 libm.a(*)
 libgcc.a(*)

.ARM.attributes
                0x00000000       0x30
 *(.ARM.attributes)
 .ARM.attributes
                0x00000000       0x22 c:/users/arutkowski/.p2/pool/plugins/fr.ac6.mcu.externaltools.arm-none.win32_1.13.2.201703061525/tools/compiler/bin/../lib/gcc/arm-none-eabi/5.4.1/armv7e-m/fpu/crti.o
 .ARM.attributes
                0x00000022       0x34 c:/users/arutkowski/.p2/pool/plugins/fr.ac6.mcu.externaltools.arm-none.win32_1.13.2.201703061525/tools/compiler/bin/../lib/gcc/arm-none-eabi/5.4.1/armv7e-m/fpu/crtbegin.o
 .ARM.attributes
                0x00000056       0x21 Application/SW4STM32/startup_stm32l452xx.o
 .ARM.attributes
                0x00000077       0x39 Application/User/bsp_driver_sd.o
 .ARM.attributes
                0x000000b0       0x39 Application/User/fatfs.o
 .ARM.attributes
                0x000000e9       0x39 Application/User/main.o
 .ARM.attributes
                0x00000122       0x39 Application/User/sd_diskio.o
 .ARM.attributes
                0x0000015b       0x39 Application/User/stm32l4xx_hal_msp.o
 .ARM.attributes
                0x00000194       0x39 Application/User/stm32l4xx_it.o
 .ARM.attributes
                0x000001cd       0x39 Drivers/CMSIS/system_stm32l4xx.o
 .ARM.attributes
                0x00000206       0x39 Drivers/STM32L4xx_HAL_Driver/stm32l4xx_hal.o
 .ARM.attributes
                0x0000023f       0x39 Drivers/STM32L4xx_HAL_Driver/stm32l4xx_hal_cortex.o
 .ARM.attributes
                0x00000278       0x39 Drivers/STM32L4xx_HAL_Driver/stm32l4xx_hal_dma.o
 .ARM.attributes
                0x000002b1       0x39 Drivers/STM32L4xx_HAL_Driver/stm32l4xx_hal_flash.o
 .ARM.attributes
                0x000002ea       0x39 Drivers/STM32L4xx_HAL_Driver/stm32l4xx_hal_flash_ex.o
 .ARM.attributes
                0x00000323       0x39 Drivers/STM32L4xx_HAL_Driver/stm32l4xx_hal_gpio.o
 .ARM.attributes
                0x0000035c       0x39 Drivers/STM32L4xx_HAL_Driver/stm32l4xx_hal_i2c.o
 .ARM.attributes
                0x00000395       0x39 Drivers/STM32L4xx_HAL_Driver/stm32l4xx_hal_i2c_ex.o
 .ARM.attributes
                0x000003ce       0x39 Drivers/STM32L4xx_HAL_Driver/stm32l4xx_hal_pwr.o
 .ARM.attributes
                0x00000407       0x39 Drivers/STM32L4xx_HAL_Driver/stm32l4xx_hal_pwr_ex.o
 .ARM.attributes
                0x00000440       0x39 Drivers/STM32L4xx_HAL_Driver/stm32l4xx_hal_rcc.o
 .ARM.attributes
                0x00000479       0x39 Drivers/STM32L4xx_HAL_Driver/stm32l4xx_hal_rcc_ex.o
 .ARM.attributes
                0x000004b2       0x39 Drivers/STM32L4xx_HAL_Driver/stm32l4xx_hal_rtc.o
 .ARM.attributes
                0x000004eb       0x39 Drivers/STM32L4xx_HAL_Driver/stm32l4xx_hal_sd.o
 .ARM.attributes
                0x00000524       0x39 Drivers/STM32L4xx_HAL_Driver/stm32l4xx_hal_tim.o
 .ARM.attributes
                0x0000055d       0x39 Drivers/STM32L4xx_HAL_Driver/stm32l4xx_hal_tim_ex.o
 .ARM.attributes
                0x00000596       0x39 Drivers/STM32L4xx_HAL_Driver/stm32l4xx_hal_uart.o
 .ARM.attributes
                0x000005cf       0x39 Drivers/STM32L4xx_HAL_Driver/stm32l4xx_hal_uart_ex.o
 .ARM.attributes
                0x00000608       0x39 Drivers/STM32L4xx_HAL_Driver/stm32l4xx_ll_sdmmc.o
 .ARM.attributes
                0x00000641       0x39 Middlewares/FatFs/ccsbcs.o
 .ARM.attributes
                0x0000067a       0x39 Middlewares/FatFs/diskio.o
 .ARM.attributes
                0x000006b3       0x39 Middlewares/FatFs/ff.o
 .ARM.attributes
                0x000006ec       0x39 Middlewares/FatFs/ff_gen_drv.o
 .ARM.attributes
                0x00000725       0x39 Middlewares/FatFs/syscall.o
 .ARM.attributes
                0x0000075e       0x22 c:/users/arutkowski/.p2/pool/plugins/fr.ac6.mcu.externaltools.arm-none.win32_1.13.2.201703061525/tools/compiler/bin/../lib/gcc/arm-none-eabi/5.4.1/armv7e-m/fpu\libgcc.a(_aeabi_uldivmod.o)
 .ARM.attributes
                0x00000780       0x34 c:/users/arutkowski/.p2/pool/plugins/fr.ac6.mcu.externaltools.arm-none.win32_1.13.2.201703061525/tools/compiler/bin/../lib/gcc/arm-none-eabi/5.4.1/armv7e-m/fpu\libgcc.a(_udivmoddi4.o)
 .ARM.attributes
                0x000007b4       0x22 c:/users/arutkowski/.p2/pool/plugins/fr.ac6.mcu.externaltools.arm-none.win32_1.13.2.201703061525/tools/compiler/bin/../lib/gcc/arm-none-eabi/5.4.1/armv7e-m/fpu\libgcc.a(_dvmd_tls.o)
 .ARM.attributes
                0x000007d6       0x34 c:/users/arutkowski/.p2/pool/plugins/fr.ac6.mcu.externaltools.arm-none.win32_1.13.2.201703061525/tools/compiler/bin/../lib/gcc/arm-none-eabi/5.4.1/../../../../arm-none-eabi/lib/armv7e-m/fpu\libc_nano.a(lib_a-impure.o)
 .ARM.attributes
                0x0000080a       0x34 c:/users/arutkowski/.p2/pool/plugins/fr.ac6.mcu.externaltools.arm-none.win32_1.13.2.201703061525/tools/compiler/bin/../lib/gcc/arm-none-eabi/5.4.1/../../../../arm-none-eabi/lib/armv7e-m/fpu\libc_nano.a(lib_a-init.o)
 .ARM.attributes
                0x0000083e       0x34 c:/users/arutkowski/.p2/pool/plugins/fr.ac6.mcu.externaltools.arm-none.win32_1.13.2.201703061525/tools/compiler/bin/../lib/gcc/arm-none-eabi/5.4.1/../../../../arm-none-eabi/lib/armv7e-m/fpu\libc_nano.a(lib_a-malloc.o)
 .ARM.attributes
                0x00000872       0x34 c:/users/arutkowski/.p2/pool/plugins/fr.ac6.mcu.externaltools.arm-none.win32_1.13.2.201703061525/tools/compiler/bin/../lib/gcc/arm-none-eabi/5.4.1/../../../../arm-none-eabi/lib/armv7e-m/fpu\libc_nano.a(lib_a-memset.o)
 .ARM.attributes
                0x000008a6       0x34 c:/users/arutkowski/.p2/pool/plugins/fr.ac6.mcu.externaltools.arm-none.win32_1.13.2.201703061525/tools/compiler/bin/../lib/gcc/arm-none-eabi/5.4.1/../../../../arm-none-eabi/lib/armv7e-m/fpu\libc_nano.a(lib_a-nano-freer.o)
 .ARM.attributes
                0x000008da       0x34 c:/users/arutkowski/.p2/pool/plugins/fr.ac6.mcu.externaltools.arm-none.win32_1.13.2.201703061525/tools/compiler/bin/../lib/gcc/arm-none-eabi/5.4.1/../../../../arm-none-eabi/lib/armv7e-m/fpu\libc_nano.a(lib_a-nano-mallocr.o)
 .ARM.attributes
                0x0000090e       0x34 c:/users/arutkowski/.p2/pool/plugins/fr.ac6.mcu.externaltools.arm-none.win32_1.13.2.201703061525/tools/compiler/bin/../lib/gcc/arm-none-eabi/5.4.1/../../../../arm-none-eabi/lib/armv7e-m/fpu\libc_nano.a(lib_a-sbrkr.o)
 .ARM.attributes
                0x00000942       0x34 c:/users/arutkowski/.p2/pool/plugins/fr.ac6.mcu.externaltools.arm-none.win32_1.13.2.201703061525/tools/compiler/bin/../lib/gcc/arm-none-eabi/5.4.1/../../../../arm-none-eabi/lib/armv7e-m/fpu\libc_nano.a(lib_a-mlock.o)
 .ARM.attributes
                0x00000976       0x34 c:/users/arutkowski/.p2/pool/plugins/fr.ac6.mcu.externaltools.arm-none.win32_1.13.2.201703061525/tools/compiler/bin/../lib/gcc/arm-none-eabi/5.4.1/../../../../arm-none-eabi/lib/armv7e-m/fpu\libc_nano.a(lib_a-reent.o)
 .ARM.attributes
                0x000009aa       0x34 c:/users/arutkowski/.p2/pool/plugins/fr.ac6.mcu.externaltools.arm-none.win32_1.13.2.201703061525/tools/compiler/bin/../lib/gcc/arm-none-eabi/5.4.1/../../../../arm-none-eabi/lib/armv7e-m/fpu\libnosys.a(sbrk.o)
 .ARM.attributes
                0x000009de       0x22 c:/users/arutkowski/.p2/pool/plugins/fr.ac6.mcu.externaltools.arm-none.win32_1.13.2.201703061525/tools/compiler/bin/../lib/gcc/arm-none-eabi/5.4.1/armv7e-m/fpu/crtn.o
OUTPUT(testSD2.elf elf32-littlearm)

.debug_line     0x00000000    0x1ca63
 .debug_line    0x00000000       0x9d Application/SW4STM32/startup_stm32l452xx.o
 .debug_line    0x0000009d      0x974 Application/User/bsp_driver_sd.o
 .debug_line    0x00000a11      0x920 Application/User/fatfs.o
 .debug_line    0x00001331      0xab0 Application/User/main.o
 .debug_line    0x00001de1      0x9ef Application/User/sd_diskio.o
 .debug_line    0x000027d0      0xa6a Application/User/stm32l4xx_hal_msp.o
 .debug_line    0x0000323a      0x9ae Application/User/stm32l4xx_it.o
 .debug_line    0x00003be8      0x8a7 Drivers/CMSIS/system_stm32l4xx.o
 .debug_line    0x0000448f      0xaa1 Drivers/STM32L4xx_HAL_Driver/stm32l4xx_hal.o
 .debug_line    0x00004f30      0xaaf Drivers/STM32L4xx_HAL_Driver/stm32l4xx_hal_cortex.o
 .debug_line    0x000059df      0xbec Drivers/STM32L4xx_HAL_Driver/stm32l4xx_hal_dma.o
 .debug_line    0x000065cb      0xb32 Drivers/STM32L4xx_HAL_Driver/stm32l4xx_hal_flash.o
 .debug_line    0x000070fd      0xb31 Drivers/STM32L4xx_HAL_Driver/stm32l4xx_hal_flash_ex.o
 .debug_line    0x00007c2e      0xa20 Drivers/STM32L4xx_HAL_Driver/stm32l4xx_hal_gpio.o
 .debug_line    0x0000864e     0x2b67 Drivers/STM32L4xx_HAL_Driver/stm32l4xx_hal_i2c.o
 .debug_line    0x0000b1b5      0xa0b Drivers/STM32L4xx_HAL_Driver/stm32l4xx_hal_i2c_ex.o
 .debug_line    0x0000bbc0      0x9b1 Drivers/STM32L4xx_HAL_Driver/stm32l4xx_hal_pwr.o
 .debug_line    0x0000c571      0xc0c Drivers/STM32L4xx_HAL_Driver/stm32l4xx_hal_pwr_ex.o
 .debug_line    0x0000d17d      0xc45 Drivers/STM32L4xx_HAL_Driver/stm32l4xx_hal_rcc.o
 .debug_line    0x0000ddc2      0xdeb Drivers/STM32L4xx_HAL_Driver/stm32l4xx_hal_rcc_ex.o
 .debug_line    0x0000ebad      0xe78 Drivers/STM32L4xx_HAL_Driver/stm32l4xx_hal_rtc.o
 .debug_line    0x0000fa25     0x1315 Drivers/STM32L4xx_HAL_Driver/stm32l4xx_hal_sd.o
 .debug_line    0x00010d3a     0x2013 Drivers/STM32L4xx_HAL_Driver/stm32l4xx_hal_tim.o
 .debug_line    0x00012d4d      0xeca Drivers/STM32L4xx_HAL_Driver/stm32l4xx_hal_tim_ex.o
 .debug_line    0x00013c17     0x19fb Drivers/STM32L4xx_HAL_Driver/stm32l4xx_hal_uart.o
 .debug_line    0x00015612      0x9f1 Drivers/STM32L4xx_HAL_Driver/stm32l4xx_hal_uart_ex.o
 .debug_line    0x00016003     0x11e6 Drivers/STM32L4xx_HAL_Driver/stm32l4xx_ll_sdmmc.o
 .debug_line    0x000171e9      0x952 Middlewares/FatFs/ccsbcs.o
 .debug_line    0x00017b3b      0x934 Middlewares/FatFs/diskio.o
 .debug_line    0x0001846f     0x3364 Middlewares/FatFs/ff.o
 .debug_line    0x0001b7d3      0x97e Middlewares/FatFs/ff_gen_drv.o
 .debug_line    0x0001c151      0x912 Middlewares/FatFs/syscall.o

.debug_info     0x00000000    0x2b3e8
 .debug_info    0x00000000       0x9a Application/SW4STM32/startup_stm32l452xx.o
 .debug_info    0x0000009a      0xb6f Application/User/bsp_driver_sd.o
 .debug_info    0x00000c09      0x4f5 Application/User/fatfs.o
 .debug_info    0x000010fe     0x2ace Application/User/main.o
 .debug_info    0x00003bcc      0x78b Application/User/sd_diskio.o
 .debug_info    0x00004357     0x20ec Application/User/stm32l4xx_hal_msp.o
 .debug_info    0x00006443     0x1298 Application/User/stm32l4xx_it.o
 .debug_info    0x000076db      0x5cc Drivers/CMSIS/system_stm32l4xx.o
 .debug_info    0x00007ca7      0xb14 Drivers/STM32L4xx_HAL_Driver/stm32l4xx_hal.o
 .debug_info    0x000087bb      0xec9 Drivers/STM32L4xx_HAL_Driver/stm32l4xx_hal_cortex.o
 .debug_info    0x00009684      0x7c2 Drivers/STM32L4xx_HAL_Driver/stm32l4xx_hal_dma.o
 .debug_info    0x00009e46      0x8e9 Drivers/STM32L4xx_HAL_Driver/stm32l4xx_hal_flash.o
 .debug_info    0x0000a72f      0xa3a Drivers/STM32L4xx_HAL_Driver/stm32l4xx_hal_flash_ex.o
 .debug_info    0x0000b169      0x7fe Drivers/STM32L4xx_HAL_Driver/stm32l4xx_hal_gpio.o
 .debug_info    0x0000b967     0x505a Drivers/STM32L4xx_HAL_Driver/stm32l4xx_hal_i2c.o
 .debug_info    0x000109c1      0x9de Drivers/STM32L4xx_HAL_Driver/stm32l4xx_hal_i2c_ex.o
 .debug_info    0x0001139f      0x9a1 Drivers/STM32L4xx_HAL_Driver/stm32l4xx_hal_pwr.o
 .debug_info    0x00011d40      0x9bf Drivers/STM32L4xx_HAL_Driver/stm32l4xx_hal_pwr_ex.o
 .debug_info    0x000126ff      0xe1d Drivers/STM32L4xx_HAL_Driver/stm32l4xx_hal_rcc.o
 .debug_info    0x0001351c      0xfce Drivers/STM32L4xx_HAL_Driver/stm32l4xx_hal_rcc_ex.o
 .debug_info    0x000144ea     0x11ff Drivers/STM32L4xx_HAL_Driver/stm32l4xx_hal_rtc.o
 .debug_info    0x000156e9     0x2633 Drivers/STM32L4xx_HAL_Driver/stm32l4xx_hal_sd.o
 .debug_info    0x00017d1c     0x381d Drivers/STM32L4xx_HAL_Driver/stm32l4xx_hal_tim.o
 .debug_info    0x0001b539     0x137b Drivers/STM32L4xx_HAL_Driver/stm32l4xx_hal_tim_ex.o
 .debug_info    0x0001c8b4     0x2172 Drivers/STM32L4xx_HAL_Driver/stm32l4xx_hal_uart.o
 .debug_info    0x0001ea26      0x9c0 Drivers/STM32L4xx_HAL_Driver/stm32l4xx_hal_uart_ex.o
 .debug_info    0x0001f3e6     0x1ee9 Drivers/STM32L4xx_HAL_Driver/stm32l4xx_ll_sdmmc.o
 .debug_info    0x000212cf      0x207 Middlewares/FatFs/ccsbcs.o
 .debug_info    0x000214d6      0x457 Middlewares/FatFs/diskio.o
 .debug_info    0x0002192d     0x9420 Middlewares/FatFs/ff.o
 .debug_info    0x0002ad4d      0x55c Middlewares/FatFs/ff_gen_drv.o
 .debug_info    0x0002b2a9      0x13f Middlewares/FatFs/syscall.o

.debug_abbrev   0x00000000     0x480b
 .debug_abbrev  0x00000000       0x12 Application/SW4STM32/startup_stm32l452xx.o
 .debug_abbrev  0x00000012      0x2b8 Application/User/bsp_driver_sd.o
 .debug_abbrev  0x000002ca      0x171 Application/User/fatfs.o
 .debug_abbrev  0x0000043b      0x307 Application/User/main.o
 .debug_abbrev  0x00000742      0x279 Application/User/sd_diskio.o
 .debug_abbrev  0x000009bb      0x278 Application/User/stm32l4xx_hal_msp.o
 .debug_abbrev  0x00000c33      0x210 Application/User/stm32l4xx_it.o
 .debug_abbrev  0x00000e43      0x125 Drivers/CMSIS/system_stm32l4xx.o
 .debug_abbrev  0x00000f68      0x20a Drivers/STM32L4xx_HAL_Driver/stm32l4xx_hal.o
 .debug_abbrev  0x00001172      0x307 Drivers/STM32L4xx_HAL_Driver/stm32l4xx_hal_cortex.o
 .debug_abbrev  0x00001479      0x213 Drivers/STM32L4xx_HAL_Driver/stm32l4xx_hal_dma.o
 .debug_abbrev  0x0000168c      0x2d6 Drivers/STM32L4xx_HAL_Driver/stm32l4xx_hal_flash.o
 .debug_abbrev  0x00001962      0x2a6 Drivers/STM32L4xx_HAL_Driver/stm32l4xx_hal_flash_ex.o
 .debug_abbrev  0x00001c08      0x1da Drivers/STM32L4xx_HAL_Driver/stm32l4xx_hal_gpio.o
 .debug_abbrev  0x00001de2      0x365 Drivers/STM32L4xx_HAL_Driver/stm32l4xx_hal_i2c.o
 .debug_abbrev  0x00002147      0x183 Drivers/STM32L4xx_HAL_Driver/stm32l4xx_hal_i2c_ex.o
 .debug_abbrev  0x000022ca      0x1a6 Drivers/STM32L4xx_HAL_Driver/stm32l4xx_hal_pwr.o
 .debug_abbrev  0x00002470      0x22d Drivers/STM32L4xx_HAL_Driver/stm32l4xx_hal_pwr_ex.o
 .debug_abbrev  0x0000269d      0x28b Drivers/STM32L4xx_HAL_Driver/stm32l4xx_hal_rcc.o
 .debug_abbrev  0x00002928      0x291 Drivers/STM32L4xx_HAL_Driver/stm32l4xx_hal_rcc_ex.o
 .debug_abbrev  0x00002bb9      0x282 Drivers/STM32L4xx_HAL_Driver/stm32l4xx_hal_rtc.o
 .debug_abbrev  0x00002e3b      0x353 Drivers/STM32L4xx_HAL_Driver/stm32l4xx_hal_sd.o
 .debug_abbrev  0x0000318e      0x31a Drivers/STM32L4xx_HAL_Driver/stm32l4xx_hal_tim.o
 .debug_abbrev  0x000034a8      0x2bf Drivers/STM32L4xx_HAL_Driver/stm32l4xx_hal_tim_ex.o
 .debug_abbrev  0x00003767      0x333 Drivers/STM32L4xx_HAL_Driver/stm32l4xx_hal_uart.o
 .debug_abbrev  0x00003a9a      0x229 Drivers/STM32L4xx_HAL_Driver/stm32l4xx_hal_uart_ex.o
 .debug_abbrev  0x00003cc3      0x279 Drivers/STM32L4xx_HAL_Driver/stm32l4xx_ll_sdmmc.o
 .debug_abbrev  0x00003f3c       0xcc Middlewares/FatFs/ccsbcs.o
 .debug_abbrev  0x00004008      0x18f Middlewares/FatFs/diskio.o
 .debug_abbrev  0x00004197      0x3b9 Middlewares/FatFs/ff.o
 .debug_abbrev  0x00004550      0x1f2 Middlewares/FatFs/ff_gen_drv.o
 .debug_abbrev  0x00004742       0xc9 Middlewares/FatFs/syscall.o

.debug_aranges  0x00000000     0x1530
 .debug_aranges
                0x00000000       0x28 Application/SW4STM32/startup_stm32l452xx.o
 .debug_aranges
                0x00000028       0x98 Application/User/bsp_driver_sd.o
 .debug_aranges
                0x000000c0       0x28 Application/User/fatfs.o
 .debug_aranges
                0x000000e8       0x30 Application/User/main.o
 .debug_aranges
                0x00000118       0x50 Application/User/sd_diskio.o
 .debug_aranges
                0x00000168       0x70 Application/User/stm32l4xx_hal_msp.o
 .debug_aranges
                0x000001d8       0xc0 Application/User/stm32l4xx_it.o
 .debug_aranges
                0x00000298       0x28 Drivers/CMSIS/system_stm32l4xx.o
 .debug_aranges
                0x000002c0      0x110 Drivers/STM32L4xx_HAL_Driver/stm32l4xx_hal.o
 .debug_aranges
                0x000003d0       0xa8 Drivers/STM32L4xx_HAL_Driver/stm32l4xx_hal_cortex.o
 .debug_aranges
                0x00000478       0x78 Drivers/STM32L4xx_HAL_Driver/stm32l4xx_hal_dma.o
 .debug_aranges
                0x000004f0       0x70 Drivers/STM32L4xx_HAL_Driver/stm32l4xx_hal_flash.o
 .debug_aranges
                0x00000560       0x48 Drivers/STM32L4xx_HAL_Driver/stm32l4xx_hal_flash_ex.o
 .debug_aranges
                0x000005a8       0x58 Drivers/STM32L4xx_HAL_Driver/stm32l4xx_hal_gpio.o
 .debug_aranges
                0x00000600      0x1d8 Drivers/STM32L4xx_HAL_Driver/stm32l4xx_hal_i2c.o
 .debug_aranges
                0x000007d8       0x48 Drivers/STM32L4xx_HAL_Driver/stm32l4xx_hal_i2c_ex.o
 .debug_aranges
                0x00000820       0x98 Drivers/STM32L4xx_HAL_Driver/stm32l4xx_hal_pwr.o
 .debug_aranges
                0x000008b8      0x110 Drivers/STM32L4xx_HAL_Driver/stm32l4xx_hal_pwr_ex.o
 .debug_aranges
                0x000009c8       0x80 Drivers/STM32L4xx_HAL_Driver/stm32l4xx_hal_rcc.o
 .debug_aranges
                0x00000a48       0xd0 Drivers/STM32L4xx_HAL_Driver/stm32l4xx_hal_rcc_ex.o
 .debug_aranges
                0x00000b18       0xa8 Drivers/STM32L4xx_HAL_Driver/stm32l4xx_hal_rtc.o
 .debug_aranges
                0x00000bc0       0xf0 Drivers/STM32L4xx_HAL_Driver/stm32l4xx_hal_sd.o
 .debug_aranges
                0x00000cb0      0x238 Drivers/STM32L4xx_HAL_Driver/stm32l4xx_hal_tim.o
 .debug_aranges
                0x00000ee8       0xf8 Drivers/STM32L4xx_HAL_Driver/stm32l4xx_hal_tim_ex.o
 .debug_aranges
                0x00000fe0      0x198 Drivers/STM32L4xx_HAL_Driver/stm32l4xx_hal_uart.o
 .debug_aranges
                0x00001178       0x58 Drivers/STM32L4xx_HAL_Driver/stm32l4xx_hal_uart_ex.o
 .debug_aranges
                0x000011d0      0x140 Drivers/STM32L4xx_HAL_Driver/stm32l4xx_ll_sdmmc.o
 .debug_aranges
                0x00001310       0x28 Middlewares/FatFs/ccsbcs.o
 .debug_aranges
                0x00001338       0x48 Middlewares/FatFs/diskio.o
 .debug_aranges
                0x00001380      0x148 Middlewares/FatFs/ff.o
 .debug_aranges
                0x000014c8       0x40 Middlewares/FatFs/ff_gen_drv.o
 .debug_aranges
                0x00001508       0x28 Middlewares/FatFs/syscall.o

.debug_ranges   0x00000000     0x6630
 .debug_ranges  0x00000000       0x20 Application/SW4STM32/startup_stm32l452xx.o
 .debug_ranges  0x00000020       0x88 Application/User/bsp_driver_sd.o
 .debug_ranges  0x000000a8       0x18 Application/User/fatfs.o
 .debug_ranges  0x000000c0       0xc0 Application/User/main.o
 .debug_ranges  0x00000180       0x40 Application/User/sd_diskio.o
 .debug_ranges  0x000001c0      0x1a8 Application/User/stm32l4xx_hal_msp.o
 .debug_ranges  0x00000368       0xb0 Application/User/stm32l4xx_it.o
 .debug_ranges  0x00000418       0x18 Drivers/CMSIS/system_stm32l4xx.o
 .debug_ranges  0x00000430      0x100 Drivers/STM32L4xx_HAL_Driver/stm32l4xx_hal.o
 .debug_ranges  0x00000530      0x178 Drivers/STM32L4xx_HAL_Driver/stm32l4xx_hal_cortex.o
 .debug_ranges  0x000006a8       0xc8 Drivers/STM32L4xx_HAL_Driver/stm32l4xx_hal_dma.o
 .debug_ranges  0x00000770       0xe8 Drivers/STM32L4xx_HAL_Driver/stm32l4xx_hal_flash.o
 .debug_ranges  0x00000858      0x148 Drivers/STM32L4xx_HAL_Driver/stm32l4xx_hal_flash_ex.o
 .debug_ranges  0x000009a0       0x60 Drivers/STM32L4xx_HAL_Driver/stm32l4xx_hal_gpio.o
 .debug_ranges  0x00000a00     0x1398 Drivers/STM32L4xx_HAL_Driver/stm32l4xx_hal_i2c.o
 .debug_ranges  0x00001d98       0x78 Drivers/STM32L4xx_HAL_Driver/stm32l4xx_hal_i2c_ex.o
 .debug_ranges  0x00001e10       0x88 Drivers/STM32L4xx_HAL_Driver/stm32l4xx_hal_pwr.o
 .debug_ranges  0x00001e98      0x100 Drivers/STM32L4xx_HAL_Driver/stm32l4xx_hal_pwr_ex.o
 .debug_ranges  0x00001f98      0x130 Drivers/STM32L4xx_HAL_Driver/stm32l4xx_hal_rcc.o
 .debug_ranges  0x000020c8      0x108 Drivers/STM32L4xx_HAL_Driver/stm32l4xx_hal_rcc_ex.o
 .debug_ranges  0x000021d0      0x260 Drivers/STM32L4xx_HAL_Driver/stm32l4xx_hal_rtc.o
 .debug_ranges  0x00002430      0x388 Drivers/STM32L4xx_HAL_Driver/stm32l4xx_hal_sd.o
 .debug_ranges  0x000027b8      0x730 Drivers/STM32L4xx_HAL_Driver/stm32l4xx_hal_tim.o
 .debug_ranges  0x00002ee8      0x100 Drivers/STM32L4xx_HAL_Driver/stm32l4xx_hal_tim_ex.o
 .debug_ranges  0x00002fe8      0x470 Drivers/STM32L4xx_HAL_Driver/stm32l4xx_hal_uart.o
 .debug_ranges  0x00003458       0x48 Drivers/STM32L4xx_HAL_Driver/stm32l4xx_hal_uart_ex.o
 .debug_ranges  0x000034a0      0xb80 Drivers/STM32L4xx_HAL_Driver/stm32l4xx_ll_sdmmc.o
 .debug_ranges  0x00004020       0x18 Middlewares/FatFs/ccsbcs.o
 .debug_ranges  0x00004038       0x38 Middlewares/FatFs/diskio.o
 .debug_ranges  0x00004070     0x2540 Middlewares/FatFs/ff.o
 .debug_ranges  0x000065b0       0x68 Middlewares/FatFs/ff_gen_drv.o
 .debug_ranges  0x00006618       0x18 Middlewares/FatFs/syscall.o

.debug_loc      0x00000000    0x2f2df
 .debug_loc     0x00000000      0x435 Application/User/bsp_driver_sd.o
 .debug_loc     0x00000435      0x444 Application/User/sd_diskio.o
 .debug_loc     0x00000879      0x223 Application/User/stm32l4xx_hal_msp.o
 .debug_loc     0x00000a9c      0x1bc Drivers/CMSIS/system_stm32l4xx.o
 .debug_loc     0x00000c58      0x103 Drivers/STM32L4xx_HAL_Driver/stm32l4xx_hal.o
 .debug_loc     0x00000d5b      0x658 Drivers/STM32L4xx_HAL_Driver/stm32l4xx_hal_cortex.o
 .debug_loc     0x000013b3      0x6b2 Drivers/STM32L4xx_HAL_Driver/stm32l4xx_hal_dma.o
 .debug_loc     0x00001a65      0x78c Drivers/STM32L4xx_HAL_Driver/stm32l4xx_hal_flash.o
 .debug_loc     0x000021f1      0x694 Drivers/STM32L4xx_HAL_Driver/stm32l4xx_hal_flash_ex.o
 .debug_loc     0x00002885      0x3cc Drivers/STM32L4xx_HAL_Driver/stm32l4xx_hal_gpio.o
 .debug_loc     0x00002c51     0x73d4 Drivers/STM32L4xx_HAL_Driver/stm32l4xx_hal_i2c.o
 .debug_loc     0x0000a025      0x18a Drivers/STM32L4xx_HAL_Driver/stm32l4xx_hal_i2c_ex.o
 .debug_loc     0x0000a1af      0x164 Drivers/STM32L4xx_HAL_Driver/stm32l4xx_hal_pwr.o
 .debug_loc     0x0000a313      0x6c1 Drivers/STM32L4xx_HAL_Driver/stm32l4xx_hal_pwr_ex.o
 .debug_loc     0x0000a9d4      0x879 Drivers/STM32L4xx_HAL_Driver/stm32l4xx_hal_rcc.o
 .debug_loc     0x0000b24d      0xe9e Drivers/STM32L4xx_HAL_Driver/stm32l4xx_hal_rcc_ex.o
 .debug_loc     0x0000c0eb     0x1286 Drivers/STM32L4xx_HAL_Driver/stm32l4xx_hal_rtc.o
 .debug_loc     0x0000d371     0x1fa4 Drivers/STM32L4xx_HAL_Driver/stm32l4xx_hal_sd.o
 .debug_loc     0x0000f315     0x561c Drivers/STM32L4xx_HAL_Driver/stm32l4xx_hal_tim.o
 .debug_loc     0x00014931     0x1427 Drivers/STM32L4xx_HAL_Driver/stm32l4xx_hal_tim_ex.o
 .debug_loc     0x00015d58     0x2b5d Drivers/STM32L4xx_HAL_Driver/stm32l4xx_hal_uart.o
 .debug_loc     0x000188b5      0x37a Drivers/STM32L4xx_HAL_Driver/stm32l4xx_hal_uart_ex.o
 .debug_loc     0x00018c2f     0x302e Drivers/STM32L4xx_HAL_Driver/stm32l4xx_ll_sdmmc.o
 .debug_loc     0x0001bc5d      0x319 Middlewares/FatFs/ccsbcs.o
 .debug_loc     0x0001bf76      0x1c6 Middlewares/FatFs/diskio.o
 .debug_loc     0x0001c13c    0x12be9 Middlewares/FatFs/ff.o
 .debug_loc     0x0002ed25      0x578 Middlewares/FatFs/ff_gen_drv.o
 .debug_loc     0x0002f29d       0x42 Middlewares/FatFs/syscall.o

.debug_macro    0x00000000    0x28d5d
 .debug_macro   0x00000000      0x365 Application/User/bsp_driver_sd.o
 .debug_macro   0x00000365      0x898 Application/User/bsp_driver_sd.o
 .debug_macro   0x00000bfd       0x64 Application/User/bsp_driver_sd.o
 .debug_macro   0x00000c61       0xc0 Application/User/bsp_driver_sd.o
 .debug_macro   0x00000d21       0x2e Application/User/bsp_driver_sd.o
 .debug_macro   0x00000d4f       0x28 Application/User/bsp_driver_sd.o
 .debug_macro   0x00000d77       0x22 Application/User/bsp_driver_sd.o
 .debug_macro   0x00000d99       0x87 Application/User/bsp_driver_sd.o
 .debug_macro   0x00000e20       0x44 Application/User/bsp_driver_sd.o
 .debug_macro   0x00000e64       0xfd Application/User/bsp_driver_sd.o
 .debug_macro   0x00000f61       0x5e Application/User/bsp_driver_sd.o
 .debug_macro   0x00000fbf      0x1df Application/User/bsp_driver_sd.o
 .debug_macro   0x0000119e       0x35 Application/User/bsp_driver_sd.o
 .debug_macro   0x000011d3       0x50 Application/User/bsp_driver_sd.o
 .debug_macro   0x00001223      0xe66 Application/User/bsp_driver_sd.o
 .debug_macro   0x00002089    0x162cd Application/User/bsp_driver_sd.o
 .debug_macro   0x00018356       0x43 Application/User/bsp_driver_sd.o
 .debug_macro   0x00018399     0x3788 Application/User/bsp_driver_sd.o
 .debug_macro   0x0001bb21       0x52 Application/User/bsp_driver_sd.o
 .debug_macro   0x0001bb73       0x35 Application/User/bsp_driver_sd.o
 .debug_macro   0x0001bba8       0x9c Application/User/bsp_driver_sd.o
 .debug_macro   0x0001bc44       0x16 Application/User/bsp_driver_sd.o
 .debug_macro   0x0001bc5a       0x97 Application/User/bsp_driver_sd.o
 .debug_macro   0x0001bcf1      0x30d Application/User/bsp_driver_sd.o
 .debug_macro   0x0001bffe       0xfd Application/User/bsp_driver_sd.o
 .debug_macro   0x0001c0fb       0x10 Application/User/bsp_driver_sd.o
 .debug_macro   0x0001c10b       0x52 Application/User/bsp_driver_sd.o
 .debug_macro   0x0001c15d       0x1f Application/User/bsp_driver_sd.o
 .debug_macro   0x0001c17c       0x43 Application/User/bsp_driver_sd.o
 .debug_macro   0x0001c1bf       0x20 Application/User/bsp_driver_sd.o
 .debug_macro   0x0001c1df      0x187 Application/User/bsp_driver_sd.o
 .debug_macro   0x0001c366       0x10 Application/User/bsp_driver_sd.o
 .debug_macro   0x0001c376       0x1c Application/User/bsp_driver_sd.o
 .debug_macro   0x0001c392       0x52 Application/User/bsp_driver_sd.o
 .debug_macro   0x0001c3e4       0x40 Application/User/bsp_driver_sd.o
 .debug_macro   0x0001c424       0x10 Application/User/bsp_driver_sd.o
 .debug_macro   0x0001c434       0x40 Application/User/bsp_driver_sd.o
 .debug_macro   0x0001c474       0xd7 Application/User/bsp_driver_sd.o
 .debug_macro   0x0001c54b       0x16 Application/User/bsp_driver_sd.o
 .debug_macro   0x0001c561      0x18b Application/User/bsp_driver_sd.o
 .debug_macro   0x0001c6ec       0x50 Application/User/bsp_driver_sd.o
 .debug_macro   0x0001c73c     0x1401 Application/User/bsp_driver_sd.o
 .debug_macro   0x0001db3d      0x63f Application/User/bsp_driver_sd.o
 .debug_macro   0x0001e17c      0x148 Application/User/bsp_driver_sd.o
 .debug_macro   0x0001e2c4      0x168 Application/User/bsp_driver_sd.o
 .debug_macro   0x0001e42c      0x26b Application/User/bsp_driver_sd.o
 .debug_macro   0x0001e697      0x23a Application/User/bsp_driver_sd.o
 .debug_macro   0x0001e8d1      0x367 Application/User/bsp_driver_sd.o
 .debug_macro   0x0001ec38       0xe4 Application/User/bsp_driver_sd.o
 .debug_macro   0x0001ed1c      0x225 Application/User/bsp_driver_sd.o
 .debug_macro   0x0001ef41       0x61 Application/User/bsp_driver_sd.o
 .debug_macro   0x0001efa2       0x97 Application/User/bsp_driver_sd.o
 .debug_macro   0x0001f039      0x126 Application/User/bsp_driver_sd.o
 .debug_macro   0x0001f15f      0x356 Application/User/bsp_driver_sd.o
 .debug_macro   0x0001f4b5      0x321 Application/User/bsp_driver_sd.o
 .debug_macro   0x0001f7d6      0x4cc Application/User/bsp_driver_sd.o
 .debug_macro   0x0001fca2       0xdd Application/User/bsp_driver_sd.o
 .debug_macro   0x0001fd7f      0x77a Application/User/bsp_driver_sd.o
 .debug_macro   0x000204f9      0x19f Application/User/bsp_driver_sd.o
 .debug_macro   0x00020698      0x9f7 Application/User/bsp_driver_sd.o
 .debug_macro   0x0002108f      0x158 Application/User/bsp_driver_sd.o
 .debug_macro   0x000211e7      0x55f Application/User/bsp_driver_sd.o
 .debug_macro   0x00021746       0x44 Application/User/bsp_driver_sd.o
 .debug_macro   0x0002178a      0x2e0 Application/User/bsp_driver_sd.o
 .debug_macro   0x00021a6a       0x40 Application/User/bsp_driver_sd.o
 .debug_macro   0x00021aaa      0x3ec Application/User/fatfs.o
 .debug_macro   0x00021e96       0x46 Application/User/fatfs.o
 .debug_macro   0x00021edc       0xe7 Application/User/fatfs.o
 .debug_macro   0x00021fc3       0x16 Application/User/fatfs.o
 .debug_macro   0x00021fd9       0x35 Application/User/fatfs.o
 .debug_macro   0x0002200e       0x16 Application/User/fatfs.o
 .debug_macro   0x00022024       0x29 Application/User/fatfs.o
 .debug_macro   0x0002204d       0x12 Application/User/fatfs.o
 .debug_macro   0x0002205f       0xdb Application/User/fatfs.o
 .debug_macro   0x0002213a       0x8e Application/User/fatfs.o
 .debug_macro   0x000221c8      0x3f0 Application/User/main.o
 .debug_macro   0x000225b8      0x3ef Application/User/sd_diskio.o
 .debug_macro   0x000229a7       0x16 Application/User/sd_diskio.o
 .debug_macro   0x000229bd       0x7c Application/User/sd_diskio.o
 .debug_macro   0x00022a39      0x356 Application/User/stm32l4xx_hal_msp.o
 .debug_macro   0x00022d8f      0x360 Application/User/stm32l4xx_it.o
 .debug_macro   0x000230ef      0x35d Drivers/CMSIS/system_stm32l4xx.o
 .debug_macro   0x0002344c      0x3a4 Drivers/STM32L4xx_HAL_Driver/stm32l4xx_hal.o
 .debug_macro   0x000237f0      0x356 Drivers/STM32L4xx_HAL_Driver/stm32l4xx_hal_cortex.o
 .debug_macro   0x00023b46      0x356 Drivers/STM32L4xx_HAL_Driver/stm32l4xx_hal_dma.o
 .debug_macro   0x00023e9c      0x35c Drivers/STM32L4xx_HAL_Driver/stm32l4xx_hal_flash.o
 .debug_macro   0x000241f8      0x356 Drivers/STM32L4xx_HAL_Driver/stm32l4xx_hal_flash_ex.o
 .debug_macro   0x0002454e      0x395 Drivers/STM32L4xx_HAL_Driver/stm32l4xx_hal_gpio.o
 .debug_macro   0x000248e3      0x422 Drivers/STM32L4xx_HAL_Driver/stm32l4xx_hal_i2c.o
 .debug_macro   0x00024d05      0x356 Drivers/STM32L4xx_HAL_Driver/stm32l4xx_hal_i2c_ex.o
 .debug_macro   0x0002505b      0x36e Drivers/STM32L4xx_HAL_Driver/stm32l4xx_hal_pwr.o
 .debug_macro   0x000253c9      0x37a Drivers/STM32L4xx_HAL_Driver/stm32l4xx_hal_pwr_ex.o
 .debug_macro   0x00025743      0x398 Drivers/STM32L4xx_HAL_Driver/stm32l4xx_hal_rcc.o
 .debug_macro   0x00025adb      0x38c Drivers/STM32L4xx_HAL_Driver/stm32l4xx_hal_rcc_ex.o
 .debug_macro   0x00025e67      0x357 Drivers/STM32L4xx_HAL_Driver/stm32l4xx_hal_rtc.o
 .debug_macro   0x000261be      0x357 Drivers/STM32L4xx_HAL_Driver/stm32l4xx_hal_sd.o
 .debug_macro   0x00026515      0x357 Drivers/STM32L4xx_HAL_Driver/stm32l4xx_hal_tim.o
 .debug_macro   0x0002686c      0x356 Drivers/STM32L4xx_HAL_Driver/stm32l4xx_hal_tim_ex.o
 .debug_macro   0x00026bc2      0x381 Drivers/STM32L4xx_HAL_Driver/stm32l4xx_hal_uart.o
 .debug_macro   0x00026f43      0x356 Drivers/STM32L4xx_HAL_Driver/stm32l4xx_hal_uart_ex.o
 .debug_macro   0x00027299      0x357 Drivers/STM32L4xx_HAL_Driver/stm32l4xx_ll_sdmmc.o
 .debug_macro   0x000275f0      0x3c7 Middlewares/FatFs/ccsbcs.o
 .debug_macro   0x000279b7      0x3d9 Middlewares/FatFs/diskio.o
 .debug_macro   0x00027d90      0x7e7 Middlewares/FatFs/ff.o
 .debug_macro   0x00028577       0x4c Middlewares/FatFs/ff.o
 .debug_macro   0x000285c3      0x3d9 Middlewares/FatFs/ff_gen_drv.o
 .debug_macro   0x0002899c      0x3c1 Middlewares/FatFs/syscall.o

.debug_str      0x00000000    0xe2a79
 .debug_str     0x00000000    0xd9d98 Application/User/bsp_driver_sd.o
                              0xda141 (size before relaxing)
 .debug_str     0x000d9d98      0x8de Application/User/fatfs.o
                              0xda2b2 (size before relaxing)
 .debug_str     0x000da676     0x16ce Application/User/main.o
                              0xdbf3f (size before relaxing)
 .debug_str     0x000dbd44       0xf6 Application/User/sd_diskio.o
                              0xda332 (size before relaxing)
 .debug_str     0x000dbe3a      0x16a Application/User/stm32l4xx_hal_msp.o
                              0xdade8 (size before relaxing)
 .debug_str     0x000dbfa4      0x258 Application/User/stm32l4xx_it.o
                              0xda72a (size before relaxing)
 .debug_str     0x000dc1fc      0x11f Drivers/CMSIS/system_stm32l4xx.o
                              0xd9ad6 (size before relaxing)
 .debug_str     0x000dc31b      0x5de Drivers/STM32L4xx_HAL_Driver/stm32l4xx_hal.o
                              0xda576 (size before relaxing)
 .debug_str     0x000dc8f9      0x332 Drivers/STM32L4xx_HAL_Driver/stm32l4xx_hal_cortex.o
                              0xda23b (size before relaxing)
 .debug_str     0x000dcc2b      0x241 Drivers/STM32L4xx_HAL_Driver/stm32l4xx_hal_dma.o
                              0xd9d20 (size before relaxing)
 .debug_str     0x000dce6c      0x369 Drivers/STM32L4xx_HAL_Driver/stm32l4xx_hal_flash.o
                              0xd9ce7 (size before relaxing)
 .debug_str     0x000dd1d5      0x284 Drivers/STM32L4xx_HAL_Driver/stm32l4xx_hal_flash_ex.o
                              0xd9d58 (size before relaxing)
 .debug_str     0x000dd459      0x25b Drivers/STM32L4xx_HAL_Driver/stm32l4xx_hal_gpio.o
                              0xd9d60 (size before relaxing)
 .debug_str     0x000dd6b4      0xd5a Drivers/STM32L4xx_HAL_Driver/stm32l4xx_hal_i2c.o
                              0xdab25 (size before relaxing)
 .debug_str     0x000de40e       0xd5 Drivers/STM32L4xx_HAL_Driver/stm32l4xx_hal_i2c_ex.o
                              0xd9fe1 (size before relaxing)
 .debug_str     0x000de4e3      0x37b Drivers/STM32L4xx_HAL_Driver/stm32l4xx_hal_pwr.o
                              0xd9e1c (size before relaxing)
 .debug_str     0x000de85e      0x329 Drivers/STM32L4xx_HAL_Driver/stm32l4xx_hal_pwr_ex.o
                              0xd9f15 (size before relaxing)
 .debug_str     0x000deb87      0x2ff Drivers/STM32L4xx_HAL_Driver/stm32l4xx_hal_rcc.o
                              0xda06a (size before relaxing)
 .debug_str     0x000dee86      0x498 Drivers/STM32L4xx_HAL_Driver/stm32l4xx_hal_rcc_ex.o
                              0xda2f6 (size before relaxing)
 .debug_str     0x000df31e      0x21e Drivers/STM32L4xx_HAL_Driver/stm32l4xx_hal_rtc.o
                              0xd9e95 (size before relaxing)
 .debug_str     0x000df53c      0x87b Drivers/STM32L4xx_HAL_Driver/stm32l4xx_hal_sd.o
                              0xda78e (size before relaxing)
 .debug_str     0x000dfdb7      0xa4b Drivers/STM32L4xx_HAL_Driver/stm32l4xx_hal_tim.o
                              0xda848 (size before relaxing)
 .debug_str     0x000e0802      0x4c9 Drivers/STM32L4xx_HAL_Driver/stm32l4xx_hal_tim_ex.o
                              0xda392 (size before relaxing)
 .debug_str     0x000e0ccb      0x6d6 Drivers/STM32L4xx_HAL_Driver/stm32l4xx_hal_uart.o
                              0xda672 (size before relaxing)
 .debug_str     0x000e13a1      0x1a2 Drivers/STM32L4xx_HAL_Driver/stm32l4xx_hal_uart_ex.o
                              0xd9fa0 (size before relaxing)
 .debug_str     0x000e1543      0x21a Drivers/STM32L4xx_HAL_Driver/stm32l4xx_ll_sdmmc.o
                              0xd9e8f (size before relaxing)
 .debug_str     0x000e175d       0x7d Middlewares/FatFs/ccsbcs.o
                              0xd9f9b (size before relaxing)
 .debug_str     0x000e17da       0x74 Middlewares/FatFs/diskio.o
                              0xda1b2 (size before relaxing)
 .debug_str     0x000e184e     0x111d Middlewares/FatFs/ff.o
                              0xdb52c (size before relaxing)
 .debug_str     0x000e296b       0xae Middlewares/FatFs/ff_gen_drv.o
                              0xda217 (size before relaxing)
 .debug_str     0x000e2a19       0x60 Middlewares/FatFs/syscall.o
                              0xd9f87 (size before relaxing)

.comment        0x00000000       0x6e
 .comment       0x00000000       0x6e Application/User/bsp_driver_sd.o
                                 0x6f (size before relaxing)
 .comment       0x0000006e       0x6f Application/User/fatfs.o
 .comment       0x0000006e       0x6f Application/User/main.o
 .comment       0x0000006e       0x6f Application/User/sd_diskio.o
 .comment       0x0000006e       0x6f Application/User/stm32l4xx_hal_msp.o
 .comment       0x0000006e       0x6f Application/User/stm32l4xx_it.o
 .comment       0x0000006e       0x6f Drivers/CMSIS/system_stm32l4xx.o
 .comment       0x0000006e       0x6f Drivers/STM32L4xx_HAL_Driver/stm32l4xx_hal.o
 .comment       0x0000006e       0x6f Drivers/STM32L4xx_HAL_Driver/stm32l4xx_hal_cortex.o
 .comment       0x0000006e       0x6f Drivers/STM32L4xx_HAL_Driver/stm32l4xx_hal_dma.o
 .comment       0x0000006e       0x6f Drivers/STM32L4xx_HAL_Driver/stm32l4xx_hal_flash.o
 .comment       0x0000006e       0x6f Drivers/STM32L4xx_HAL_Driver/stm32l4xx_hal_flash_ex.o
 .comment       0x0000006e       0x6f Drivers/STM32L4xx_HAL_Driver/stm32l4xx_hal_gpio.o
 .comment       0x0000006e       0x6f Drivers/STM32L4xx_HAL_Driver/stm32l4xx_hal_i2c.o
 .comment       0x0000006e       0x6f Drivers/STM32L4xx_HAL_Driver/stm32l4xx_hal_i2c_ex.o
 .comment       0x0000006e       0x6f Drivers/STM32L4xx_HAL_Driver/stm32l4xx_hal_pwr.o
 .comment       0x0000006e       0x6f Drivers/STM32L4xx_HAL_Driver/stm32l4xx_hal_pwr_ex.o
 .comment       0x0000006e       0x6f Drivers/STM32L4xx_HAL_Driver/stm32l4xx_hal_rcc.o
 .comment       0x0000006e       0x6f Drivers/STM32L4xx_HAL_Driver/stm32l4xx_hal_rcc_ex.o
 .comment       0x0000006e       0x6f Drivers/STM32L4xx_HAL_Driver/stm32l4xx_hal_rtc.o
 .comment       0x0000006e       0x6f Drivers/STM32L4xx_HAL_Driver/stm32l4xx_hal_sd.o
 .comment       0x0000006e       0x6f Drivers/STM32L4xx_HAL_Driver/stm32l4xx_hal_tim.o
 .comment       0x0000006e       0x6f Drivers/STM32L4xx_HAL_Driver/stm32l4xx_hal_tim_ex.o
 .comment       0x0000006e       0x6f Drivers/STM32L4xx_HAL_Driver/stm32l4xx_hal_uart.o
 .comment       0x0000006e       0x6f Drivers/STM32L4xx_HAL_Driver/stm32l4xx_hal_uart_ex.o
 .comment       0x0000006e       0x6f Drivers/STM32L4xx_HAL_Driver/stm32l4xx_ll_sdmmc.o
 .comment       0x0000006e       0x6f Middlewares/FatFs/ccsbcs.o
 .comment       0x0000006e       0x6f Middlewares/FatFs/diskio.o
 .comment       0x0000006e       0x6f Middlewares/FatFs/ff.o
 .comment       0x0000006e       0x6f Middlewares/FatFs/ff_gen_drv.o
 .comment       0x0000006e       0x6f Middlewares/FatFs/syscall.o

.debug_frame    0x00000000     0x4930
 .debug_frame   0x00000000      0x1b0 Application/User/bsp_driver_sd.o
 .debug_frame   0x000001b0       0x38 Application/User/fatfs.o
 .debug_frame   0x000001e8       0x64 Application/User/main.o
 .debug_frame   0x0000024c       0xbc Application/User/sd_diskio.o
 .debug_frame   0x00000308      0x15c Application/User/stm32l4xx_hal_msp.o
 .debug_frame   0x00000464      0x1c8 Application/User/stm32l4xx_it.o
 .debug_frame   0x0000062c       0x48 Drivers/CMSIS/system_stm32l4xx.o
 .debug_frame   0x00000674      0x24c Drivers/STM32L4xx_HAL_Driver/stm32l4xx_hal.o
 .debug_frame   0x000008c0      0x188 Drivers/STM32L4xx_HAL_Driver/stm32l4xx_hal_cortex.o
 .debug_frame   0x00000a48      0x19c Drivers/STM32L4xx_HAL_Driver/stm32l4xx_hal_dma.o
 .debug_frame   0x00000be4      0x13c Drivers/STM32L4xx_HAL_Driver/stm32l4xx_hal_flash.o
 .debug_frame   0x00000d20       0xc4 Drivers/STM32L4xx_HAL_Driver/stm32l4xx_hal_flash_ex.o
 .debug_frame   0x00000de4       0xf8 Drivers/STM32L4xx_HAL_Driver/stm32l4xx_hal_gpio.o
 .debug_frame   0x00000edc      0x800 Drivers/STM32L4xx_HAL_Driver/stm32l4xx_hal_i2c.o
 .debug_frame   0x000016dc       0xb0 Drivers/STM32L4xx_HAL_Driver/stm32l4xx_hal_i2c_ex.o
 .debug_frame   0x0000178c      0x124 Drivers/STM32L4xx_HAL_Driver/stm32l4xx_hal_pwr.o